Archive member included to satisfy reference by file (symbol)

/app/stm32cubeide/plugins/com.st.stm32cube.ide.mcu.externaltools.gnu-tools-for-stm32.10.3-2021.10.linux64_1.0.200.202301161003/tools/bin/../lib/gcc/arm-none-eabi/10.3.1/../../../../arm-none-eabi/lib/thumb/v7e-m+fp/hard/libc_nano.a(lib_a-errno.o)
                              ./Core/Src/syscalls.o (__errno)
/app/stm32cubeide/plugins/com.st.stm32cube.ide.mcu.externaltools.gnu-tools-for-stm32.10.3-2021.10.linux64_1.0.200.202301161003/tools/bin/../lib/gcc/arm-none-eabi/10.3.1/../../../../arm-none-eabi/lib/thumb/v7e-m+fp/hard/libc_nano.a(lib_a-exit.o)
                              /app/stm32cubeide/plugins/com.st.stm32cube.ide.mcu.externaltools.gnu-tools-for-stm32.10.3-2021.10.linux64_1.0.200.202301161003/tools/bin/../lib/gcc/arm-none-eabi/10.3.1/../../../../arm-none-eabi/lib/thumb/v7e-m+fp/hard/crt0.o (exit)
/app/stm32cubeide/plugins/com.st.stm32cube.ide.mcu.externaltools.gnu-tools-for-stm32.10.3-2021.10.linux64_1.0.200.202301161003/tools/bin/../lib/gcc/arm-none-eabi/10.3.1/../../../../arm-none-eabi/lib/thumb/v7e-m+fp/hard/libc_nano.a(lib_a-impure.o)
                              /app/stm32cubeide/plugins/com.st.stm32cube.ide.mcu.externaltools.gnu-tools-for-stm32.10.3-2021.10.linux64_1.0.200.202301161003/tools/bin/../lib/gcc/arm-none-eabi/10.3.1/../../../../arm-none-eabi/lib/thumb/v7e-m+fp/hard/libc_nano.a(lib_a-exit.o) (_global_impure_ptr)
/app/stm32cubeide/plugins/com.st.stm32cube.ide.mcu.externaltools.gnu-tools-for-stm32.10.3-2021.10.linux64_1.0.200.202301161003/tools/bin/../lib/gcc/arm-none-eabi/10.3.1/../../../../arm-none-eabi/lib/thumb/v7e-m+fp/hard/libc_nano.a(lib_a-init.o)
                              /app/stm32cubeide/plugins/com.st.stm32cube.ide.mcu.externaltools.gnu-tools-for-stm32.10.3-2021.10.linux64_1.0.200.202301161003/tools/bin/../lib/gcc/arm-none-eabi/10.3.1/../../../../arm-none-eabi/lib/thumb/v7e-m+fp/hard/crt0.o (__libc_init_array)
/app/stm32cubeide/plugins/com.st.stm32cube.ide.mcu.externaltools.gnu-tools-for-stm32.10.3-2021.10.linux64_1.0.200.202301161003/tools/bin/../lib/gcc/arm-none-eabi/10.3.1/../../../../arm-none-eabi/lib/thumb/v7e-m+fp/hard/libc_nano.a(lib_a-malloc.o)
                              ./Drivers/USBH_midi_class/Src/usbh_MIDI.o (malloc)
/app/stm32cubeide/plugins/com.st.stm32cube.ide.mcu.externaltools.gnu-tools-for-stm32.10.3-2021.10.linux64_1.0.200.202301161003/tools/bin/../lib/gcc/arm-none-eabi/10.3.1/../../../../arm-none-eabi/lib/thumb/v7e-m+fp/hard/libc_nano.a(lib_a-memset.o)
                              /app/stm32cubeide/plugins/com.st.stm32cube.ide.mcu.externaltools.gnu-tools-for-stm32.10.3-2021.10.linux64_1.0.200.202301161003/tools/bin/../lib/gcc/arm-none-eabi/10.3.1/../../../../arm-none-eabi/lib/thumb/v7e-m+fp/hard/crt0.o (memset)
/app/stm32cubeide/plugins/com.st.stm32cube.ide.mcu.externaltools.gnu-tools-for-stm32.10.3-2021.10.linux64_1.0.200.202301161003/tools/bin/../lib/gcc/arm-none-eabi/10.3.1/../../../../arm-none-eabi/lib/thumb/v7e-m+fp/hard/libc_nano.a(lib_a-nano-freer.o)
                              /app/stm32cubeide/plugins/com.st.stm32cube.ide.mcu.externaltools.gnu-tools-for-stm32.10.3-2021.10.linux64_1.0.200.202301161003/tools/bin/../lib/gcc/arm-none-eabi/10.3.1/../../../../arm-none-eabi/lib/thumb/v7e-m+fp/hard/libc_nano.a(lib_a-malloc.o) (_free_r)
/app/stm32cubeide/plugins/com.st.stm32cube.ide.mcu.externaltools.gnu-tools-for-stm32.10.3-2021.10.linux64_1.0.200.202301161003/tools/bin/../lib/gcc/arm-none-eabi/10.3.1/../../../../arm-none-eabi/lib/thumb/v7e-m+fp/hard/libc_nano.a(lib_a-nano-mallocr.o)
                              /app/stm32cubeide/plugins/com.st.stm32cube.ide.mcu.externaltools.gnu-tools-for-stm32.10.3-2021.10.linux64_1.0.200.202301161003/tools/bin/../lib/gcc/arm-none-eabi/10.3.1/../../../../arm-none-eabi/lib/thumb/v7e-m+fp/hard/libc_nano.a(lib_a-malloc.o) (_malloc_r)
/app/stm32cubeide/plugins/com.st.stm32cube.ide.mcu.externaltools.gnu-tools-for-stm32.10.3-2021.10.linux64_1.0.200.202301161003/tools/bin/../lib/gcc/arm-none-eabi/10.3.1/../../../../arm-none-eabi/lib/thumb/v7e-m+fp/hard/libc_nano.a(lib_a-printf.o)
                              ./Drivers/USBH_midi_class/Src/usbh_MIDI.o (printf)
/app/stm32cubeide/plugins/com.st.stm32cube.ide.mcu.externaltools.gnu-tools-for-stm32.10.3-2021.10.linux64_1.0.200.202301161003/tools/bin/../lib/gcc/arm-none-eabi/10.3.1/../../../../arm-none-eabi/lib/thumb/v7e-m+fp/hard/libc_nano.a(lib_a-putchar.o)
                              ./Drivers/USBH_midi_class/Src/usbh_MIDI.o (putchar)
/app/stm32cubeide/plugins/com.st.stm32cube.ide.mcu.externaltools.gnu-tools-for-stm32.10.3-2021.10.linux64_1.0.200.202301161003/tools/bin/../lib/gcc/arm-none-eabi/10.3.1/../../../../arm-none-eabi/lib/thumb/v7e-m+fp/hard/libc_nano.a(lib_a-sbrkr.o)
[...]
Memory Configuration

Name             Origin             Length             Attributes
RAM              0x0000000020000000 0x0000000000020000 xrw
FLASH            0x0000000008000000 0x0000000000080000 xr
*default*        0x0000000000000000 0xffffffffffffffff

Linker script and memory map

LOAD /app/stm32cubeide/plugins/com.st.stm32cube.ide.mcu.externaltools.gnu-tools-for-stm32.10.3-2021.10.linux64_1.0.200.202301161003/tools/bin/../lib/gcc/arm-none-eabi/10.3.1/thumb/v7e-m+fp/hard/crti.o
LOAD /app/stm32cubeide/plugins/com.st.stm32cube.ide.mcu.externaltools.gnu-tools-for-stm32.10.3-2021.10.linux64_1.0.200.202301161003/tools/bin/../lib/gcc/arm-none-eabi/10.3.1/thumb/v7e-m+fp/hard/crtbegin.o
LOAD /app/stm32cubeide/plugins/com.st.stm32cube.ide.mcu.externaltools.gnu-tools-for-stm32.10.3-2021.10.linux64_1.0.200.202301161003/tools/bin/../lib/gcc/arm-none-eabi/10.3.1/../../../../arm-none-eabi/lib/thumb/v7e-m+fp/hard/crt0.o
LOAD ./Core/Src/adsr.o
LOAD ./Core/Src/codec.o
LOAD ./Core/Src/dbgu.o
LOAD ./Core/Src/dma.o
LOAD ./Core/Src/gpio.o
LOAD ./Core/Src/i2c.o
LOAD ./Core/Src/i2s.o
LOAD ./Core/Src/main.o
LOAD ./Core/Src/midi.o
LOAD ./Core/Src/stm32f4xx_hal_msp.o
LOAD ./Core/Src/stm32f4xx_it.o
LOAD ./Core/Src/synth.o
LOAD ./Core/Src/syscalls.o
LOAD ./Core/Src/sysmem.o
LOAD ./Core/Src/system_stm32f4xx.o
LOAD ./Core/Src/term_io.o
LOAD ./Core/Src/usart.o
LOAD ./Core/Src/wavetable.o
LOAD ./Core/Startup/startup_stm32f411vetx.o
LOAD ./Drivers/BSP/Components/cs43l22/cs43l22.o
LOAD ./Drivers/BSP/STM32F4-Discovery/stm32f4_discovery.o
LOAD ./Drivers/STM32F4xx_HAL_Driver/Src/stm32f4xx_hal.o
LOAD ./Drivers/STM32F4xx_HAL_Driver/Src/stm32f4xx_hal_cortex.o
LOAD ./Drivers/STM32F4xx_HAL_Driver/Src/stm32f4xx_hal_dma.o
LOAD ./Drivers/STM32F4xx_HAL_Driver/Src/stm32f4xx_hal_dma_ex.o
LOAD ./Drivers/STM32F4xx_HAL_Driver/Src/stm32f4xx_hal_exti.o
LOAD ./Drivers/STM32F4xx_HAL_Driver/Src/stm32f4xx_hal_flash.o
LOAD ./Drivers/STM32F4xx_HAL_Driver/Src/stm32f4xx_hal_flash_ex.o
LOAD ./Drivers/STM32F4xx_HAL_Driver/Src/stm32f4xx_hal_flash_ramfunc.o
LOAD ./Drivers/STM32F4xx_HAL_Driver/Src/stm32f4xx_hal_gpio.o
LOAD ./Drivers/STM32F4xx_HAL_Driver/Src/stm32f4xx_hal_hcd.o
LOAD ./Drivers/STM32F4xx_HAL_Driver/Src/stm32f4xx_hal_i2c.o
LOAD ./Drivers/STM32F4xx_HAL_Driver/Src/stm32f4xx_hal_i2c_ex.o
LOAD ./Drivers/STM32F4xx_HAL_Driver/Src/stm32f4xx_hal_i2s.o
LOAD ./Drivers/STM32F4xx_HAL_Driver/Src/stm32f4xx_hal_i2s_ex.o
LOAD ./Drivers/STM32F4xx_HAL_Driver/Src/stm32f4xx_hal_pwr.o
LOAD ./Drivers/STM32F4xx_HAL_Driver/Src/stm32f4xx_hal_pwr_ex.o
LOAD ./Drivers/STM32F4xx_HAL_Driver/Src/stm32f4xx_hal_rcc.o
LOAD ./Drivers/STM32F4xx_HAL_Driver/Src/stm32f4xx_hal_rcc_ex.o
LOAD ./Drivers/STM32F4xx_HAL_Driver/Src/stm32f4xx_hal_tim.o
LOAD ./Drivers/STM32F4xx_HAL_Driver/Src/stm32f4xx_hal_tim_ex.o
LOAD ./Drivers/STM32F4xx_HAL_Driver/Src/stm32f4xx_hal_uart.o
LOAD ./Drivers/STM32F4xx_HAL_Driver/Src/stm32f4xx_ll_usb.o
LOAD ./Drivers/USBH_midi_class/Src/usbh_MIDI.o
LOAD ./Middlewares/ST/STM32_USB_Host_Library/Class/AUDIO/Src/usbh_audio.o
LOAD ./Middlewares/ST/STM32_USB_Host_Library/Core/Src/usbh_core.o
LOAD ./Middlewares/ST/STM32_USB_Host_Library/Core/Src/usbh_ctlreq.o
LOAD ./Middlewares/ST/STM32_USB_Host_Library/Core/Src/usbh_ioreq.o
LOAD ./Middlewares/ST/STM32_USB_Host_Library/Core/Src/usbh_pipes.o
LOAD ./USB_HOST/App/usb_host.o
LOAD ./USB_HOST/Target/usbh_conf.o
LOAD ./USB_HOST/Target/usbh_platform.o
START GROUP
LOAD /app/stm32cubeide/plugins/com.st.stm32cube.ide.mcu.externaltools.gnu-tools-for-stm32.10.3-2021.10.linux64_1.0.200.202301161003/tools/bin/../lib/gcc/arm-none-eabi/10.3.1/../../../../arm-none-eabi/lib/thumb/v7e-m+fp/hard/libc_nano.a
LOAD /app/stm32cubeide/plugins/com.st.stm32cube.ide.mcu.externaltools.gnu-tools-for-stm32.10.3-2021.10.linux64_1.0.200.202301161003/tools/bin/../lib/gcc/arm-none-eabi/10.3.1/../../../../arm-none-eabi/lib/thumb/v7e-m+fp/hard/libm.a
END GROUP
START GROUP
LOAD /app/stm32cubeide/plugins/com.st.stm32cube.ide.mcu.externaltools.gnu-tools-for-stm32.10.3-2021.10.linux64_1.0.200.202301161003/tools/bin/../lib/gcc/arm-none-eabi/10.3.1/thumb/v7e-m+fp/hard/libgcc.a
LOAD /app/stm32cubeide/plugins/com.st.stm32cube.ide.mcu.externaltools.gnu-tools-for-stm32.10.3-2021.10.linux64_1.0.200.202301161003/tools/bin/../lib/gcc/arm-none-eabi/10.3.1/../../../../arm-none-eabi/lib/thumb/v7e-m+fp/hard/libc_nano.a
END GROUP
START GROUP
LOAD /app/stm32cubeide/plugins/com.st.stm32cube.ide.mcu.externaltools.gnu-tools-for-stm32.10.3-2021.10.linux64_1.0.200.202301161003/tools/bin/../lib/gcc/arm-none-eabi/10.3.1/thumb/v7e-m+fp/hard/libgcc.a
LOAD /app/stm32cubeide/plugins/com.st.stm32cube.ide.mcu.externaltools.gnu-tools-for-stm32.10.3-2021.10.linux64_1.0.200.202301161003/tools/bin/../lib/gcc/arm-none-eabi/10.3.1/../../../../arm-none-eabi/lib/thumb/v7e-m+fp/hard/libc_nano.a
LOAD /app/stm32cubeide/plugins/com.st.stm32cube.ide.mcu.externaltools.gnu-tools-for-stm32.10.3-2021.10.linux64_1.0.200.202301161003/tools/bin/../lib/gcc/arm-none-eabi/10.3.1/../../../../arm-none-eabi/lib/thumb/v7e-m+fp/hard/libnosys.a
END GROUP
START GROUP
LOAD /app/stm32cubeide/plugins/com.st.stm32cube.ide.mcu.externaltools.gnu-tools-for-stm32.10.3-2021.10.linux64_1.0.200.202301161003/tools/bin/../lib/gcc/arm-none-eabi/10.3.1/thumb/v7e-m+fp/hard/libgcc.a
LOAD /app/stm32cubeide/plugins/com.st.stm32cube.ide.mcu.externaltools.gnu-tools-for-stm32.10.3-2021.10.linux64_1.0.200.202301161003/tools/bin/../lib/gcc/arm-none-eabi/10.3.1/../../../../arm-none-eabi/lib/thumb/v7e-m+fp/hard/libc_nano.a
LOAD /app/stm32cubeide/plugins/com.st.stm32cube.ide.mcu.externaltools.gnu-tools-for-stm32.10.3-2021.10.linux64_1.0.200.202301161003/tools/bin/../lib/gcc/arm-none-eabi/10.3.1/../../../../arm-none-eabi/lib/thumb/v7e-m+fp/hard/libnosys.a
END GROUP
LOAD /app/stm32cubeide/plugins/com.st.stm32cube.ide.mcu.externaltools.gnu-tools-for-stm32.10.3-2021.10.linux64_1.0.200.202301161003/tools/bin/../lib/gcc/arm-none-eabi/10.3.1/thumb/v7e-m+fp/hard/crtend.o
LOAD /app/stm32cubeide/plugins/com.st.stm32cube.ide.mcu.externaltools.gnu-tools-for-stm32.10.3-2021.10.linux64_1.0.200.202301161003/tools/bin/../lib/gcc/arm-none-eabi/10.3.1/thumb/v7e-m+fp/hard/crtn.o
                0x0000000020020000                _estack = (ORIGIN (RAM) + LENGTH (RAM))
                0x0000000000000200                _Min_Heap_Size = 0x200
                0x0000000000000400                _Min_Stack_Size = 0x400

.isr_vector     0x0000000008000000      0x198
                0x0000000008000000                . = ALIGN (0x4)
 *(.isr_vector)
 .isr_vector    0x0000000008000000      0x198 ./Core/Startup/startup_stm32f411vetx.o
                0x0000000008000000                g_pfnVectors
                0x0000000008000198                . = ALIGN (0x4)

.text           0x00000000080001a0     0xdb84
                0x00000000080001a0                . = ALIGN (0x4)
 *(.text)
 .text          0x00000000080001a0       0x40 /app/stm32cubeide/plugins/com.st.stm32cube.ide.mcu.externaltools.gnu-tools-for-stm32.10.3-2021.10.linux64_1.0.200.202301161003/tools/bin/../lib/gcc/arm-none-eabi/10.3.1/thumb/v7e-m+fp/hard/crtbegin.o
 .text          0x00000000080001e0       0xa0 /app/stm32cubeide/plugins/com.st.stm32cube.ide.mcu.externaltools.gnu-tools-for-stm32.10.3-2021.10.linux64_1.0.200.202301161003/tools/bin/../lib/gcc/arm-none-eabi/10.3.1/../../../../arm-none-eabi/lib/thumb/v7e-m+fp/hard/libc_nano.a(lib_a-memchr.o)
                0x00000000080001e0                memchr
 .text          0x0000000008000280      0x378 /app/stm32cubeide/plugins/com.st.stm32cube.ide.mcu.externaltools.gnu-tools-for-stm32.10.3-2021.10.linux64_1.0.200.202301161003/tools/bin/../lib/gcc/arm-none-eabi/10.3.1/thumb/v7e-m+fp/hard/libgcc.a(_arm_addsubdf3.o)
                0x0000000008000280                __aeabi_drsub
                0x0000000008000288                __aeabi_dsub
                0x0000000008000288                __subdf3
                0x000000000800028c                __adddf3
                0x000000000800028c                __aeabi_dadd
                0x0000000008000504                __aeabi_ui2d
                0x0000000008000504                __floatunsidf
                0x0000000008000524                __floatsidf
                0x0000000008000524                __aeabi_i2d
                0x0000000008000548                __extendsfdf2
                0x0000000008000548                __aeabi_f2d
                0x000000000800058c                __aeabi_ul2d
                0x000000000800058c                __floatundidf
                0x000000000800059c                __floatdidf
                0x000000000800059c                __aeabi_l2d
 .text          0x00000000080005f8      0x424 /app/stm32cubeide/plugins/com.st.stm32cube.ide.mcu.externaltools.gnu-tools-for-stm32.10.3-2021.10.linux64_1.0.200.202301161003/tools/bin/../lib/gcc/arm-none-eabi/10.3.1/thumb/v7e-m+fp/hard/libgcc.a(_arm_muldivdf3.o)
                0x00000000080005f8                __aeabi_dmul
                0x00000000080005f8                __muldf3
                0x000000000800084c                __aeabi_ddiv
                0x000000000800084c                __divdf3
 .text          0x0000000008000a1c      0x110 /app/stm32cubeide/plugins/com.st.stm32cube.ide.mcu.externaltools.gnu-tools-for-stm32.10.3-2021.10.linux64_1.0.200.202301161003/tools/bin/../lib/gcc/arm-none-eabi/10.3.1/thumb/v7e-m+fp/hard/libgcc.a(_arm_cmpdf2.o)
                0x0000000008000a1c                __gtdf2
                0x0000000008000a1c                __gedf2
                0x0000000008000a24                __ltdf2
                0x0000000008000a24                __ledf2
                0x0000000008000a2c                __cmpdf2
                0x0000000008000a2c                __eqdf2
                0x0000000008000a2c                __nedf2
                0x0000000008000aa8                __aeabi_cdrcmple
                0x0000000008000ab8                __aeabi_cdcmple
                0x0000000008000ab8                __aeabi_cdcmpeq
                0x0000000008000ac8                __aeabi_dcmpeq
                0x0000000008000adc                __aeabi_dcmplt
                0x0000000008000af0                __aeabi_dcmple
                0x0000000008000b04                __aeabi_dcmpge
                0x0000000008000b18                __aeabi_dcmpgt
 .text          0x0000000008000b2c       0x2c /app/stm32cubeide/plugins/com.st.stm32cube.ide.mcu.externaltools.gnu-tools-for-stm32.10.3-2021.10.linux64_1.0.200.202301161003/tools/bin/../lib/gcc/arm-none-eabi/10.3.1/thumb/v7e-m+fp/hard/libgcc.a(_arm_unorddf2.o)
                0x0000000008000b2c                __aeabi_dcmpun
                0x0000000008000b2c                __unorddf2
 .text          0x0000000008000b58       0x50 /app/stm32cubeide/plugins/com.st.stm32cube.ide.mcu.externaltools.gnu-tools-for-stm32.10.3-2021.10.linux64_1.0.200.202301161003/tools/bin/../lib/gcc/arm-none-eabi/10.3.1/thumb/v7e-m+fp/hard/libgcc.a(_arm_fixdfsi.o)
                0x0000000008000b58                __fixdfsi
                0x0000000008000b58                __aeabi_d2iz
 .text          0x0000000008000ba8       0xa0 /app/stm32cubeide/plugins/com.st.stm32cube.ide.mcu.externaltools.gnu-tools-for-stm32.10.3-2021.10.linux64_1.0.200.202301161003/tools/bin/../lib/gcc/arm-none-eabi/10.3.1/thumb/v7e-m+fp/hard/libgcc.a(_arm_truncdfsf2.o)
                0x0000000008000ba8                __aeabi_d2f
                0x0000000008000ba8                __truncdfsf2
 .text          0x0000000008000c48       0x30 /app/stm32cubeide/plugins/com.st.stm32cube.ide.mcu.externaltools.gnu-tools-for-stm32.10.3-2021.10.linux64_1.0.200.202301161003/tools/bin/../lib/gcc/arm-none-eabi/10.3.1/thumb/v7e-m+fp/hard/libgcc.a(_aeabi_uldivmod.o)
                0x0000000008000c48                __aeabi_uldivmod
 .text          0x0000000008000c78      0x2d0 /app/stm32cubeide/plugins/com.st.stm32cube.ide.mcu.externaltools.gnu-tools-for-stm32.10.3-2021.10.linux64_1.0.200.202301161003/tools/bin/../lib/gcc/arm-none-eabi/10.3.1/thumb/v7e-m+fp/hard/libgcc.a(_udivmoddi4.o)
                0x0000000008000c78                __udivmoddi4
 .text          0x0000000008000f48        0x4 /app/stm32cubeide/plugins/com.st.stm32cube.ide.mcu.externaltools.gnu-tools-for-stm32.10.3-2021.10.linux64_1.0.200.202301161003/tools/bin/../lib/gcc/arm-none-eabi/10.3.1/thumb/v7e-m+fp/hard/libgcc.a(_dvmd_tls.o)
                0x0000000008000f48                __aeabi_ldiv0
                0x0000000008000f48                __aeabi_idiv0
 *(.text*)
 .text.ADSR_Init
                0x0000000008000f4c       0x48 ./Core/Src/adsr.o
                0x0000000008000f4c                ADSR_Init
 .text.ADSR_Reset
                0x0000000008000f94       0x38 ./Core/Src/adsr.o
                0x0000000008000f94                ADSR_Reset
 .text.ADSR_NoteOn
                0x0000000008000fcc       0x64 ./Core/Src/adsr.o
                0x0000000008000fcc                ADSR_NoteOn
 .text.ADSR_NoteOff
                0x0000000008001030       0x38 ./Core/Src/adsr.o
                0x0000000008001030                ADSR_NoteOff
 .text.ADSR_GetSamples
                0x0000000008001068       0xa8 ./Core/Src/adsr.o
                0x0000000008001068                ADSR_GetSamples
 .text.get_sample
                0x0000000008001110      0x134 ./Core/Src/adsr.o
 .text.ADSR_Active
                0x0000000008001244       0x7c ./Core/Src/adsr.o
                0x0000000008001244                ADSR_Active
 .text.ADSR_Releasing
                0x00000000080012c0       0x30 ./Core/Src/adsr.o
                0x00000000080012c0                ADSR_Releasing
 .text.Codec_Write
                0x00000000080012f0       0x4c ./Core/Src/codec.o
                0x00000000080012f0                Codec_Write
 .text.Codec_Init
                0x000000000800133c       0xe4 ./Core/Src/codec.o
                0x000000000800133c                Codec_Init
 .text.Codec_Play
                0x0000000008001420       0x54 ./Core/Src/codec.o
                0x0000000008001420                Codec_Play
 .text.Codec_SetVolume
                0x0000000008001474       0xa8 ./Core/Src/codec.o
                0x0000000008001474                Codec_SetVolume
 .text.Codec_SetMute
                0x000000000800151c       0x8c ./Core/Src/codec.o
                0x000000000800151c                Codec_SetMute
 .text.__io_putchar
                0x00000000080015a8       0x38 ./Core/Src/dbgu.o
                0x00000000080015a8                __io_putchar
 .text.debug_init
                0x00000000080015e0       0x20 ./Core/Src/dbgu.o
                0x00000000080015e0                debug_init
 .text.debug_chr
                0x0000000008001600       0x1a ./Core/Src/dbgu.o
                0x0000000008001600                debug_chr
 *fill*         0x000000000800161a        0x2 
 .text.MX_DMA_Init
                0x000000000800161c       0x40 ./Core/Src/dma.o
                0x000000000800161c                MX_DMA_Init
 .text.MX_GPIO_Init
                0x000000000800165c      0x124 ./Core/Src/gpio.o
                0x000000000800165c                MX_GPIO_Init
 .text.MX_I2C1_Init
                0x0000000008001780       0x5c ./Core/Src/i2c.o
                0x0000000008001780                MX_I2C1_Init
 .text.HAL_I2C_MspInit
                0x00000000080017dc       0x90 ./Core/Src/i2c.o
                0x00000000080017dc                HAL_I2C_MspInit
 .text.MX_I2S3_Init
                0x000000000800186c       0x5c ./Core/Src/i2s.o
                0x000000000800186c                MX_I2S3_Init
 .text.HAL_I2S_MspInit
                0x00000000080018c8      0x184 ./Core/Src/i2s.o
                0x00000000080018c8                HAL_I2S_MspInit
 .text.main     0x0000000008001a4c       0xc8 ./Core/Src/main.o
                0x0000000008001a4c                main
 .text.SystemClock_Config
                0x0000000008001b14       0xd0 ./Core/Src/main.o
                0x0000000008001b14                SystemClock_Config
 .text.Error_Handler
                0x0000000008001be4       0x24 ./Core/Src/main.o
                0x0000000008001be4                Error_Handler
 .text.Midi_Start
                0x0000000008001c08       0x1c ./Core/Src/midi.o
                0x0000000008001c08                Midi_Start
 .text.Midi_Stop
                0x0000000008001c24       0x14 ./Core/Src/midi.o
                0x0000000008001c24                Midi_Stop
 .text.USBH_MIDI_ReceiveCallback
                0x0000000008001c38       0x8c ./Core/Src/midi.o
                0x0000000008001c38                USBH_MIDI_ReceiveCallback
 .text.HandleMidi
                0x0000000008001cc4       0x46 ./Core/Src/midi.o
 *fill*         0x0000000008001d0a        0x2 
 .text.HAL_MspInit
                0x0000000008001d0c       0x50 ./Core/Src/stm32f4xx_hal_msp.o
                0x0000000008001d0c                HAL_MspInit
 .text.NMI_Handler
                0x0000000008001d5c        0x6 ./Core/Src/stm32f4xx_it.o
                0x0000000008001d5c                NMI_Handler
 .text.HardFault_Handler
                0x0000000008001d62        0x6 ./Core/Src/stm32f4xx_it.o
                0x0000000008001d62                HardFault_Handler
 .text.MemManage_Handler
                0x0000000008001d68        0x6 ./Core/Src/stm32f4xx_it.o
                0x0000000008001d68                MemManage_Handler
 .text.BusFault_Handler
                0x0000000008001d6e        0x6 ./Core/Src/stm32f4xx_it.o
                0x0000000008001d6e                BusFault_Handler
 .text.UsageFault_Handler
                0x0000000008001d74        0x6 ./Core/Src/stm32f4xx_it.o
                0x0000000008001d74                UsageFault_Handler
 .text.SVC_Handler
                0x0000000008001d7a        0xe ./Core/Src/stm32f4xx_it.o
                0x0000000008001d7a                SVC_Handler
 .text.DebugMon_Handler
                0x0000000008001d88        0xe ./Core/Src/stm32f4xx_it.o
                0x0000000008001d88                DebugMon_Handler
 .text.PendSV_Handler
                0x0000000008001d96        0xe ./Core/Src/stm32f4xx_it.o
                0x0000000008001d96                PendSV_Handler
 .text.SysTick_Handler
                0x0000000008001da4        0xc ./Core/Src/stm32f4xx_it.o
                0x0000000008001da4                SysTick_Handler
 .text.DMA1_Stream5_IRQHandler
                0x0000000008001db0       0x14 ./Core/Src/stm32f4xx_it.o
                0x0000000008001db0                DMA1_Stream5_IRQHandler
 .text.OTG_FS_IRQHandler
                0x0000000008001dc4       0x14 ./Core/Src/stm32f4xx_it.o
                0x0000000008001dc4                OTG_FS_IRQHandler
 .text.Synth_Init
                0x0000000008001dd8       0x44 ./Core/Src/synth.o
                0x0000000008001dd8                Synth_Init
 .text.Synth_Play
                0x0000000008001e1c       0x20 ./Core/Src/synth.o
                0x0000000008001e1c                Synth_Play
 .text.Synth_NoteOn
                0x0000000008001e3c       0xa8 ./Core/Src/synth.o
                0x0000000008001e3c                Synth_NoteOn
 .text.Synth_NoteOff
                0x0000000008001ee4       0xac ./Core/Src/synth.o
                0x0000000008001ee4                Synth_NoteOff
 .text.UpdateAudioBuffer
                0x0000000008001f90      0x29c ./Core/Src/synth.o
 .text.HAL_I2S_TxHalfCpltCallback
                0x000000000800222c       0x34 ./Core/Src/synth.o
                0x000000000800222c                HAL_I2S_TxHalfCpltCallback
 .text.HAL_I2S_TxCpltCallback
                0x0000000008002260       0x34 ./Core/Src/synth.o
                0x0000000008002260                HAL_I2S_TxCpltCallback
 .text._read    0x0000000008002294       0x3a ./Core/Src/syscalls.o
                0x0000000008002294                _read
 .text._write   0x00000000080022ce       0x38 ./Core/Src/syscalls.o
                0x00000000080022ce                _write
 .text._close   0x0000000008002306       0x18 ./Core/Src/syscalls.o
                0x0000000008002306                _close
 .text._fstat   0x000000000800231e       0x20 ./Core/Src/syscalls.o
                0x000000000800231e                _fstat
 .text._isatty  0x000000000800233e       0x16 ./Core/Src/syscalls.o
                0x000000000800233e                _isatty
 .text._lseek   0x0000000008002354       0x1a ./Core/Src/syscalls.o
                0x0000000008002354                _lseek
 *fill*         0x000000000800236e        0x2 
 .text._sbrk    0x0000000008002370       0x6c ./Core/Src/sysmem.o
                0x0000000008002370                _sbrk
 .text.SystemInit
                0x00000000080023dc       0x24 ./Core/Src/system_stm32f4xx.o
                0x00000000080023dc                SystemInit
 .text.xputc    0x0000000008002400       0x1a ./Core/Src/term_io.o
                0x0000000008002400                xputc
 .text.xputs    0x000000000800241a       0x2a ./Core/Src/term_io.o
                0x000000000800241a                xputs
 .text.xitoa    0x0000000008002444      0x124 ./Core/Src/term_io.o
                0x0000000008002444                xitoa
 .text.xprintf  0x0000000008002568      0x178 ./Core/Src/term_io.o
                0x0000000008002568                xprintf
 .text.MX_USART1_UART_Init
                0x00000000080026e0       0x54 ./Core/Src/usart.o
                0x00000000080026e0                MX_USART1_UART_Init
 .text.HAL_UART_MspInit
                0x0000000008002734       0x90 ./Core/Src/usart.o
                0x0000000008002734                HAL_UART_MspInit
 .text.PitchToFreq
                0x00000000080027c4       0x78 ./Core/Src/wavetable.o
 .text.SineWavetableInit
                0x000000000800283c       0x70 ./Core/Src/wavetable.o
 *fill*         0x00000000080028ac        0x4 
 .text.SawWavetableInit
                0x00000000080028b0      0x14c ./Core/Src/wavetable.o
 .text.Wavetable_Init
                0x00000000080029fc       0x94 ./Core/Src/wavetable.o
                0x00000000080029fc                Wavetable_Init
 .text.Wavetable_NoteOn
                0x0000000008002a90       0x5c ./Core/Src/wavetable.o
                0x0000000008002a90                Wavetable_NoteOn
 .text.Wavetable_GetSamples
                0x0000000008002aec       0xa8 ./Core/Src/wavetable.o
                0x0000000008002aec                Wavetable_GetSamples
 .text.Reset_Handler
                0x0000000008002b94       0x50 ./Core/Startup/startup_stm32f411vetx.o
                0x0000000008002b94                Reset_Handler
 .text.Default_Handler
                0x0000000008002be4        0x2 ./Core/Startup/startup_stm32f411vetx.o
                0x0000000008002be4                RTC_Alarm_IRQHandler
                0x0000000008002be4                EXTI2_IRQHandler
                0x0000000008002be4                SPI4_IRQHandler
                0x0000000008002be4                TIM1_CC_IRQHandler
                0x0000000008002be4                DMA2_Stream5_IRQHandler
                0x0000000008002be4                PVD_IRQHandler
                0x0000000008002be4                SDIO_IRQHandler
                0x0000000008002be4                TAMP_STAMP_IRQHandler
                0x0000000008002be4                EXTI3_IRQHandler
                0x0000000008002be4                TIM1_UP_TIM10_IRQHandler
                0x0000000008002be4                I2C3_ER_IRQHandler
                0x0000000008002be4                EXTI0_IRQHandler
                0x0000000008002be4                I2C2_EV_IRQHandler
                0x0000000008002be4                DMA1_Stream2_IRQHandler
                0x0000000008002be4                FPU_IRQHandler
                0x0000000008002be4                DMA2_Stream2_IRQHandler
                0x0000000008002be4                SPI1_IRQHandler
                0x0000000008002be4                TIM1_BRK_TIM9_IRQHandler
                0x0000000008002be4                DMA2_Stream3_IRQHandler
                0x0000000008002be4                USART6_IRQHandler
                0x0000000008002be4                DMA2_Stream0_IRQHandler
                0x0000000008002be4                TIM4_IRQHandler
                0x0000000008002be4                I2C1_EV_IRQHandler
                0x0000000008002be4                DMA1_Stream6_IRQHandler
                0x0000000008002be4                DMA1_Stream1_IRQHandler
                0x0000000008002be4                TIM3_IRQHandler
                0x0000000008002be4                RCC_IRQHandler
                0x0000000008002be4                Default_Handler
                0x0000000008002be4                EXTI15_10_IRQHandler
                0x0000000008002be4                ADC_IRQHandler
                0x0000000008002be4                DMA1_Stream7_IRQHandler
                0x0000000008002be4                SPI5_IRQHandler
                0x0000000008002be4                TIM5_IRQHandler
                0x0000000008002be4                DMA2_Stream7_IRQHandler
                0x0000000008002be4                I2C3_EV_IRQHandler
                0x0000000008002be4                EXTI9_5_IRQHandler
                0x0000000008002be4                RTC_WKUP_IRQHandler
                0x0000000008002be4                SPI2_IRQHandler
                0x0000000008002be4                DMA1_Stream0_IRQHandler
                0x0000000008002be4                EXTI4_IRQHandler
                0x0000000008002be4                WWDG_IRQHandler
                0x0000000008002be4                TIM2_IRQHandler
                0x0000000008002be4                OTG_FS_WKUP_IRQHandler
                0x0000000008002be4                TIM1_TRG_COM_TIM11_IRQHandler
                0x0000000008002be4                EXTI1_IRQHandler
                0x0000000008002be4                USART2_IRQHandler
                0x0000000008002be4                I2C2_ER_IRQHandler
                0x0000000008002be4                DMA2_Stream1_IRQHandler
                0x0000000008002be4                FLASH_IRQHandler
                0x0000000008002be4                DMA2_Stream4_IRQHandler
                0x0000000008002be4                USART1_IRQHandler
                0x0000000008002be4                SPI3_IRQHandler
                0x0000000008002be4                DMA1_Stream4_IRQHandler
                0x0000000008002be4                I2C1_ER_IRQHandler
                0x0000000008002be4                DMA2_Stream6_IRQHandler
                0x0000000008002be4                DMA1_Stream3_IRQHandler
 *fill*         0x0000000008002be6        0x2 
 .text.HAL_Init
                0x0000000008002be8       0x44 ./Drivers/STM32F4xx_HAL_Driver/Src/stm32f4xx_hal.o
                0x0000000008002be8                HAL_Init
 .text.HAL_InitTick
                0x0000000008002c2c       0x60 ./Drivers/STM32F4xx_HAL_Driver/Src/stm32f4xx_hal.o
                0x0000000008002c2c                HAL_InitTick
 .text.HAL_IncTick
                0x0000000008002c8c       0x28 ./Drivers/STM32F4xx_HAL_Driver/Src/stm32f4xx_hal.o
                0x0000000008002c8c                HAL_IncTick
 .text.HAL_GetTick
                0x0000000008002cb4       0x18 ./Drivers/STM32F4xx_HAL_Driver/Src/stm32f4xx_hal.o
                0x0000000008002cb4                HAL_GetTick
 .text.HAL_Delay
                0x0000000008002ccc       0x48 ./Drivers/STM32F4xx_HAL_Driver/Src/stm32f4xx_hal.o
                0x0000000008002ccc                HAL_Delay
 .text.__NVIC_SetPriorityGrouping
                0x0000000008002d14       0x48 ./Drivers/STM32F4xx_HAL_Driver/Src/stm32f4xx_hal_cortex.o
 .text.__NVIC_GetPriorityGrouping
                0x0000000008002d5c       0x1c ./Drivers/STM32F4xx_HAL_Driver/Src/stm32f4xx_hal_cortex.o
 .text.__NVIC_EnableIRQ
                0x0000000008002d78       0x3c ./Drivers/STM32F4xx_HAL_Driver/Src/stm32f4xx_hal_cortex.o
 .text.__NVIC_SetPriority
                0x0000000008002db4       0x54 ./Drivers/STM32F4xx_HAL_Driver/Src/stm32f4xx_hal_cortex.o
 .text.NVIC_EncodePriority
                0x0000000008002e08       0x66 ./Drivers/STM32F4xx_HAL_Driver/Src/stm32f4xx_hal_cortex.o
 *fill*         0x0000000008002e6e        0x2 
 .text.SysTick_Config
                0x0000000008002e70       0x44 ./Drivers/STM32F4xx_HAL_Driver/Src/stm32f4xx_hal_cortex.o
 .text.HAL_NVIC_SetPriorityGrouping
                0x0000000008002eb4       0x16 ./Drivers/STM32F4xx_HAL_Driver/Src/stm32f4xx_hal_cortex.o
                0x0000000008002eb4                HAL_NVIC_SetPriorityGrouping
 .text.HAL_NVIC_SetPriority
                0x0000000008002eca       0x38 ./Drivers/STM32F4xx_HAL_Driver/Src/stm32f4xx_hal_cortex.o
                0x0000000008002eca                HAL_NVIC_SetPriority
 .text.HAL_NVIC_EnableIRQ
                0x0000000008002f02       0x1c ./Drivers/STM32F4xx_HAL_Driver/Src/stm32f4xx_hal_cortex.o
                0x0000000008002f02                HAL_NVIC_EnableIRQ
 .text.HAL_SYSTICK_Config
                0x0000000008002f1e       0x18 ./Drivers/STM32F4xx_HAL_Driver/Src/stm32f4xx_hal_cortex.o
                0x0000000008002f1e                HAL_SYSTICK_Config
 *fill*         0x0000000008002f36        0x2 
 .text.HAL_DMA_Init
                0x0000000008002f38      0x15c ./Drivers/STM32F4xx_HAL_Driver/Src/stm32f4xx_hal_dma.o
                0x0000000008002f38                HAL_DMA_Init
 .text.HAL_DMA_Start_IT
                0x0000000008003094       0xb0 ./Drivers/STM32F4xx_HAL_Driver/Src/stm32f4xx_hal_dma.o
                0x0000000008003094                HAL_DMA_Start_IT
 .text.HAL_DMA_IRQHandler
                0x0000000008003144      0x314 ./Drivers/STM32F4xx_HAL_Driver/Src/stm32f4xx_hal_dma.o
                0x0000000008003144                HAL_DMA_IRQHandler
 .text.DMA_SetConfig
                0x0000000008003458       0x5c ./Drivers/STM32F4xx_HAL_Driver/Src/stm32f4xx_hal_dma.o
 .text.DMA_CalcBaseAndBitshift
                0x00000000080034b4       0x6c ./Drivers/STM32F4xx_HAL_Driver/Src/stm32f4xx_hal_dma.o
 .text.DMA_CheckFifoParam
                0x0000000008003520       0xf8 ./Drivers/STM32F4xx_HAL_Driver/Src/stm32f4xx_hal_dma.o
 .text.HAL_GPIO_Init
                0x0000000008003618      0x308 ./Drivers/STM32F4xx_HAL_Driver/Src/stm32f4xx_hal_gpio.o
                0x0000000008003618                HAL_GPIO_Init
 .text.HAL_GPIO_WritePin
                0x0000000008003920       0x32 ./Drivers/STM32F4xx_HAL_Driver/Src/stm32f4xx_hal_gpio.o
                0x0000000008003920                HAL_GPIO_WritePin
 .text.HAL_HCD_Init
                0x0000000008003952       0xc4 ./Drivers/STM32F4xx_HAL_Driver/Src/stm32f4xx_hal_hcd.o
                0x0000000008003952                HAL_HCD_Init
 .text.HAL_HCD_HC_Init
                0x0000000008003a16      0x11e ./Drivers/STM32F4xx_HAL_Driver/Src/stm32f4xx_hal_hcd.o
                0x0000000008003a16                HAL_HCD_HC_Init
 .text.HAL_HCD_HC_Halt
                0x0000000008003b34       0x46 ./Drivers/STM32F4xx_HAL_Driver/Src/stm32f4xx_hal_hcd.o
                0x0000000008003b34                HAL_HCD_HC_Halt
 *fill*         0x0000000008003b7a        0x2 
 .text.HAL_HCD_HC_SubmitRequest
                0x0000000008003b7c      0x2ac ./Drivers/STM32F4xx_HAL_Driver/Src/stm32f4xx_hal_hcd.o
                0x0000000008003b7c                HAL_HCD_HC_SubmitRequest
 .text.HAL_HCD_IRQHandler
                0x0000000008003e28      0x216 ./Drivers/STM32F4xx_HAL_Driver/Src/stm32f4xx_hal_hcd.o
                0x0000000008003e28                HAL_HCD_IRQHandler
 .text.HAL_HCD_Start
                0x000000000800403e       0x46 ./Drivers/STM32F4xx_HAL_Driver/Src/stm32f4xx_hal_hcd.o
                0x000000000800403e                HAL_HCD_Start
 .text.HAL_HCD_Stop
                0x0000000008004084       0x3a ./Drivers/STM32F4xx_HAL_Driver/Src/stm32f4xx_hal_hcd.o
                0x0000000008004084                HAL_HCD_Stop
 .text.HAL_HCD_ResetPort
                0x00000000080040be       0x1c ./Drivers/STM32F4xx_HAL_Driver/Src/stm32f4xx_hal_hcd.o
                0x00000000080040be                HAL_HCD_ResetPort
 .text.HAL_HCD_HC_GetURBState
                0x00000000080040da       0x28 ./Drivers/STM32F4xx_HAL_Driver/Src/stm32f4xx_hal_hcd.o
                0x00000000080040da                HAL_HCD_HC_GetURBState
 .text.HAL_HCD_HC_GetXferCount
                0x0000000008004102       0x28 ./Drivers/STM32F4xx_HAL_Driver/Src/stm32f4xx_hal_hcd.o
                0x0000000008004102                HAL_HCD_HC_GetXferCount
 .text.HAL_HCD_GetCurrentFrame
                0x000000000800412a       0x1c ./Drivers/STM32F4xx_HAL_Driver/Src/stm32f4xx_hal_hcd.o
                0x000000000800412a                HAL_HCD_GetCurrentFrame
 .text.HAL_HCD_GetCurrentSpeed
                0x0000000008004146       0x1c ./Drivers/STM32F4xx_HAL_Driver/Src/stm32f4xx_hal_hcd.o
                0x0000000008004146                HAL_HCD_GetCurrentSpeed
 .text.HCD_HC_IN_IRQHandler
                0x0000000008004162      0x6aa ./Drivers/STM32F4xx_HAL_Driver/Src/stm32f4xx_hal_hcd.o
 .text.HCD_HC_OUT_IRQHandler
                0x000000000800480c      0x6d2 ./Drivers/STM32F4xx_HAL_Driver/Src/stm32f4xx_hal_hcd.o
 .text.HCD_RXQLVL_IRQHandler
                0x0000000008004ede      0x1a4 ./Drivers/STM32F4xx_HAL_Driver/Src/stm32f4xx_hal_hcd.o
 .text.HCD_Port_IRQHandler
                0x0000000008005082       0xe6 ./Drivers/STM32F4xx_HAL_Driver/Src/stm32f4xx_hal_hcd.o
 .text.HAL_I2C_Init
                0x0000000008005168      0x288 ./Drivers/STM32F4xx_HAL_Driver/Src/stm32f4xx_hal_i2c.o
                0x0000000008005168                HAL_I2C_Init
 .text.HAL_I2C_Mem_Write
                0x00000000080053f0      0x1f4 ./Drivers/STM32F4xx_HAL_Driver/Src/stm32f4xx_hal_i2c.o
                0x00000000080053f0                HAL_I2C_Mem_Write
 .text.I2C_RequestMemoryWrite
                0x00000000080055e4      0x12c ./Drivers/STM32F4xx_HAL_Driver/Src/stm32f4xx_hal_i2c.o
 .text.I2C_WaitOnFlagUntilTimeout
                0x0000000008005710       0xae ./Drivers/STM32F4xx_HAL_Driver/Src/stm32f4xx_hal_i2c.o
 .text.I2C_WaitOnMasterAddressFlagUntilTimeout
                0x00000000080057be       0xfe ./Drivers/STM32F4xx_HAL_Driver/Src/stm32f4xx_hal_i2c.o
 .text.I2C_WaitOnTXEFlagUntilTimeout
                0x00000000080058bc       0x82 ./Drivers/STM32F4xx_HAL_Driver/Src/stm32f4xx_hal_i2c.o
 .text.I2C_WaitOnBTFFlagUntilTimeout
                0x000000000800593e       0x82 ./Drivers/STM32F4xx_HAL_Driver/Src/stm32f4xx_hal_i2c.o
 .text.I2C_IsAcknowledgeFailed
                0x00000000080059c0       0x5e ./Drivers/STM32F4xx_HAL_Driver/Src/stm32f4xx_hal_i2c.o
 *fill*         0x0000000008005a1e        0x2 
 .text.HAL_I2S_Init
                0x0000000008005a20      0x280 ./Drivers/STM32F4xx_HAL_Driver/Src/stm32f4xx_hal_i2s.o
                0x0000000008005a20                HAL_I2S_Init
 .text.HAL_I2S_Transmit_DMA
                0x0000000008005ca0      0x150 ./Drivers/STM32F4xx_HAL_Driver/Src/stm32f4xx_hal_i2s.o
                0x0000000008005ca0                HAL_I2S_Transmit_DMA
 .text.HAL_I2S_RxCpltCallback
                0x0000000008005df0       0x14 ./Drivers/STM32F4xx_HAL_Driver/Src/stm32f4xx_hal_i2s.o
                0x0000000008005df0                HAL_I2S_RxCpltCallback
 .text.HAL_I2S_ErrorCallback
                0x0000000008005e04       0x14 ./Drivers/STM32F4xx_HAL_Driver/Src/stm32f4xx_hal_i2s.o
                0x0000000008005e04                HAL_I2S_ErrorCallback
 .text.I2S_DMATxCplt
                0x0000000008005e18       0x42 ./Drivers/STM32F4xx_HAL_Driver/Src/stm32f4xx_hal_i2s.o
 .text.I2S_DMATxHalfCplt
                0x0000000008005e5a       0x1c ./Drivers/STM32F4xx_HAL_Driver/Src/stm32f4xx_hal_i2s.o
 .text.I2S_DMAError
                0x0000000008005e76       0x4c ./Drivers/STM32F4xx_HAL_Driver/Src/stm32f4xx_hal_i2s.o
 .text.I2S_Transmit_IT
                0x0000000008005ec2       0x5c ./Drivers/STM32F4xx_HAL_Driver/Src/stm32f4xx_hal_i2s.o
 .text.I2S_Receive_IT
                0x0000000008005f1e       0x5e ./Drivers/STM32F4xx_HAL_Driver/Src/stm32f4xx_hal_i2s.o
 .text.I2S_IRQHandler
                0x0000000008005f7c      0x114 ./Drivers/STM32F4xx_HAL_Driver/Src/stm32f4xx_hal_i2s.o
 .text.HAL_I2SEx_FullDuplex_IRQHandler
                0x0000000008006090      0x2a8 ./Drivers/STM32F4xx_HAL_Driver/Src/stm32f4xx_hal_i2s_ex.o
                0x0000000008006090                HAL_I2SEx_FullDuplex_IRQHandler
 .text.HAL_I2SEx_TxRxCpltCallback
                0x0000000008006338       0x14 ./Drivers/STM32F4xx_HAL_Driver/Src/stm32f4xx_hal_i2s_ex.o
                0x0000000008006338                HAL_I2SEx_TxRxCpltCallback
 .text.I2SEx_TxISR_I2S
                0x000000000800634c       0x62 ./Drivers/STM32F4xx_HAL_Driver/Src/stm32f4xx_hal_i2s_ex.o
 *fill*         0x00000000080063ae        0x2 
 .text.I2SEx_TxISR_I2SExt
                0x00000000080063b0       0x98 ./Drivers/STM32F4xx_HAL_Driver/Src/stm32f4xx_hal_i2s_ex.o
 .text.I2SEx_RxISR_I2S
                0x0000000008006448       0x64 ./Drivers/STM32F4xx_HAL_Driver/Src/stm32f4xx_hal_i2s_ex.o
 .text.I2SEx_RxISR_I2SExt
                0x00000000080064ac       0x98 ./Drivers/STM32F4xx_HAL_Driver/Src/stm32f4xx_hal_i2s_ex.o
 .text.HAL_RCC_OscConfig
                0x0000000008006544      0x4f0 ./Drivers/STM32F4xx_HAL_Driver/Src/stm32f4xx_hal_rcc.o
                0x0000000008006544                HAL_RCC_OscConfig
 .text.HAL_RCC_ClockConfig
                0x0000000008006a34      0x1cc ./Drivers/STM32F4xx_HAL_Driver/Src/stm32f4xx_hal_rcc.o
                0x0000000008006a34                HAL_RCC_ClockConfig
 .text.HAL_RCC_GetSysClockFreq
                0x0000000008006c00      0x20c ./Drivers/STM32F4xx_HAL_Driver/Src/stm32f4xx_hal_rcc.o
                0x0000000008006c00                HAL_RCC_GetSysClockFreq
 .text.HAL_RCC_GetHCLKFreq
                0x0000000008006e0c       0x18 ./Drivers/STM32F4xx_HAL_Driver/Src/stm32f4xx_hal_rcc.o
                0x0000000008006e0c                HAL_RCC_GetHCLKFreq
 .text.HAL_RCC_GetPCLK1Freq
                0x0000000008006e24       0x28 ./Drivers/STM32F4xx_HAL_Driver/Src/stm32f4xx_hal_rcc.o
                0x0000000008006e24                HAL_RCC_GetPCLK1Freq
 .text.HAL_RCC_GetPCLK2Freq
                0x0000000008006e4c       0x28 ./Drivers/STM32F4xx_HAL_Driver/Src/stm32f4xx_hal_rcc.o
                0x0000000008006e4c                HAL_RCC_GetPCLK2Freq
 .text.HAL_RCCEx_PeriphCLKConfig
                0x0000000008006e74      0x1e0 ./Drivers/STM32F4xx_HAL_Driver/Src/stm32f4xx_hal_rcc_ex.o
                0x0000000008006e74                HAL_RCCEx_PeriphCLKConfig
 .text.HAL_RCCEx_GetPeriphCLKFreq
                0x0000000008007054       0xc0 ./Drivers/STM32F4xx_HAL_Driver/Src/stm32f4xx_hal_rcc_ex.o
                0x0000000008007054                HAL_RCCEx_GetPeriphCLKFreq
 .text.HAL_UART_Init
                0x0000000008007114       0x9a ./Drivers/STM32F4xx_HAL_Driver/Src/stm32f4xx_hal_uart.o
                0x0000000008007114                HAL_UART_Init
 *fill*         0x00000000080071ae        0x2 
 .text.UART_SetConfig
                0x00000000080071b0      0x4e8 ./Drivers/STM32F4xx_HAL_Driver/Src/stm32f4xx_hal_uart.o
 .text.USB_CoreInit
                0x0000000008007698       0xc2 ./Drivers/STM32F4xx_HAL_Driver/Src/stm32f4xx_ll_usb.o
                0x0000000008007698                USB_CoreInit
 .text.USB_EnableGlobalInt
                0x000000000800775a       0x22 ./Drivers/STM32F4xx_HAL_Driver/Src/stm32f4xx_ll_usb.o
                0x000000000800775a                USB_EnableGlobalInt
 .text.USB_DisableGlobalInt
                0x000000000800777c       0x22 ./Drivers/STM32F4xx_HAL_Driver/Src/stm32f4xx_ll_usb.o
                0x000000000800777c                USB_DisableGlobalInt
 .text.USB_SetCurrentMode
                0x000000000800779e       0x98 ./Drivers/STM32F4xx_HAL_Driver/Src/stm32f4xx_ll_usb.o
                0x000000000800779e                USB_SetCurrentMode
 *fill*         0x0000000008007836        0x2 
 .text.USB_FlushTxFifo
                0x0000000008007838       0x68 ./Drivers/STM32F4xx_HAL_Driver/Src/stm32f4xx_ll_usb.o
                0x0000000008007838                USB_FlushTxFifo
 .text.USB_FlushRxFifo
                0x00000000080078a0       0x60 ./Drivers/STM32F4xx_HAL_Driver/Src/stm32f4xx_ll_usb.o
                0x00000000080078a0                USB_FlushRxFifo
 .text.USB_WritePacket
                0x0000000008007900       0x7c ./Drivers/STM32F4xx_HAL_Driver/Src/stm32f4xx_ll_usb.o
                0x0000000008007900                USB_WritePacket
 .text.USB_ReadPacket
                0x000000000800797c       0xb0 ./Drivers/STM32F4xx_HAL_Driver/Src/stm32f4xx_ll_usb.o
                0x000000000800797c                USB_ReadPacket
 .text.USB_ReadInterrupts
                0x0000000008007a2c       0x26 ./Drivers/STM32F4xx_HAL_Driver/Src/stm32f4xx_ll_usb.o
                0x0000000008007a2c                USB_ReadInterrupts
 .text.USB_GetMode
                0x0000000008007a52       0x1c ./Drivers/STM32F4xx_HAL_Driver/Src/stm32f4xx_ll_usb.o
                0x0000000008007a52                USB_GetMode
 *fill*         0x0000000008007a6e        0x2 
 .text.USB_CoreReset
                0x0000000008007a70       0x68 ./Drivers/STM32F4xx_HAL_Driver/Src/stm32f4xx_ll_usb.o
 .text.USB_HostInit
                0x0000000008007ad8      0x180 ./Drivers/STM32F4xx_HAL_Driver/Src/stm32f4xx_ll_usb.o
                0x0000000008007ad8                USB_HostInit
 .text.USB_InitFSLSPClkSel
                0x0000000008007c58       0x74 ./Drivers/STM32F4xx_HAL_Driver/Src/stm32f4xx_ll_usb.o
                0x0000000008007c58                USB_InitFSLSPClkSel
 .text.USB_ResetPort
                0x0000000008007ccc       0x54 ./Drivers/STM32F4xx_HAL_Driver/Src/stm32f4xx_ll_usb.o
                0x0000000008007ccc                USB_ResetPort
 .text.USB_DriveVbus
                0x0000000008007d20       0x72 ./Drivers/STM32F4xx_HAL_Driver/Src/stm32f4xx_ll_usb.o
                0x0000000008007d20                USB_DriveVbus
 .text.USB_GetHostSpeed
                0x0000000008007d92       0x2e ./Drivers/STM32F4xx_HAL_Driver/Src/stm32f4xx_ll_usb.o
                0x0000000008007d92                USB_GetHostSpeed
 .text.USB_GetCurrentFrame
                0x0000000008007dc0       0x22 ./Drivers/STM32F4xx_HAL_Driver/Src/stm32f4xx_ll_usb.o
                0x0000000008007dc0                USB_GetCurrentFrame
 *fill*         0x0000000008007de2        0x2 
 .text.USB_HC_Init
                0x0000000008007de4      0x244 ./Drivers/STM32F4xx_HAL_Driver/Src/stm32f4xx_ll_usb.o
                0x0000000008007de4                USB_HC_Init
 .text.USB_HC_StartXfer
                0x0000000008008028      0x284 ./Drivers/STM32F4xx_HAL_Driver/Src/stm32f4xx_ll_usb.o
                0x0000000008008028                USB_HC_StartXfer
 .text.USB_HC_ReadInterrupt
                0x00000000080082ac       0x22 ./Drivers/STM32F4xx_HAL_Driver/Src/stm32f4xx_ll_usb.o
                0x00000000080082ac                USB_HC_ReadInterrupt
 .text.USB_HC_Halt
                0x00000000080082ce      0x1f8 ./Drivers/STM32F4xx_HAL_Driver/Src/stm32f4xx_ll_usb.o
                0x00000000080082ce                USB_HC_Halt
 *fill*         0x00000000080084c6        0x2 
 .text.USB_DoPing
                0x00000000080084c8       0x78 ./Drivers/STM32F4xx_HAL_Driver/Src/stm32f4xx_ll_usb.o
                0x00000000080084c8                USB_DoPing
 .text.USB_StopHost
                0x0000000008008540      0x124 ./Drivers/STM32F4xx_HAL_Driver/Src/stm32f4xx_ll_usb.o
                0x0000000008008540                USB_StopHost
 .text.USBH_MIDI_InterfaceInit
                0x0000000008008664      0x27c ./Drivers/USBH_midi_class/Src/usbh_MIDI.o
 .text.USBH_MIDI_InterfaceDeInit
                0x00000000080088e0       0x8c ./Drivers/USBH_midi_class/Src/usbh_MIDI.o
 .text.USBH_MIDI_ClassRequest
                0x000000000800896c       0x1e ./Drivers/USBH_midi_class/Src/usbh_MIDI.o
 .text.USBH_MIDI_Stop
                0x000000000800898a       0x44 ./Drivers/USBH_midi_class/Src/usbh_MIDI.o
                0x000000000800898a                USBH_MIDI_Stop
 .text.USBH_MIDI_Process
                0x00000000080089ce       0x6e ./Drivers/USBH_midi_class/Src/usbh_MIDI.o
 .text.USBH_MIDI_SOFProcess
                0x0000000008008a3c       0x16 ./Drivers/USBH_midi_class/Src/usbh_MIDI.o
 .text.USBH_MIDI_GetLastReceivedDataSize
                0x0000000008008a52       0x38 ./Drivers/USBH_midi_class/Src/usbh_MIDI.o
                0x0000000008008a52                USBH_MIDI_GetLastReceivedDataSize
 .text.USBH_MIDI_Receive
                0x0000000008008a8a       0x56 ./Drivers/USBH_midi_class/Src/usbh_MIDI.o
                0x0000000008008a8a                USBH_MIDI_Receive
 .text.MIDI_ProcessTransmission
                0x0000000008008ae0       0xe2 ./Drivers/USBH_midi_class/Src/usbh_MIDI.o
 .text.MIDI_ProcessReception
                0x0000000008008bc2       0xb4 ./Drivers/USBH_midi_class/Src/usbh_MIDI.o
 .text.USBH_MIDI_TransmitCallback
                0x0000000008008c76       0x14 ./Drivers/USBH_midi_class/Src/usbh_MIDI.o
                0x0000000008008c76                USBH_MIDI_TransmitCallback
 *fill*         0x0000000008008c8a        0x2 
 .text.USBH_Init
                0x0000000008008c8c       0x90 ./Middlewares/ST/STM32_USB_Host_Library/Core/Src/usbh_core.o
                0x0000000008008c8c                USBH_Init
 .text.DeInitStateMachine
                0x0000000008008d1c       0xaa ./Middlewares/ST/STM32_USB_Host_Library/Core/Src/usbh_core.o
 *fill*         0x0000000008008dc6        0x2 
 .text.USBH_RegisterClass
                0x0000000008008dc8       0x84 ./Middlewares/ST/STM32_USB_Host_Library/Core/Src/usbh_core.o
                0x0000000008008dc8                USBH_RegisterClass
 .text.USBH_SelectInterface
                0x0000000008008e4c       0xd0 ./Middlewares/ST/STM32_USB_Host_Library/Core/Src/usbh_core.o
                0x0000000008008e4c                USBH_SelectInterface
 .text.USBH_FindInterface
                0x0000000008008f1c       0x8c ./Middlewares/ST/STM32_USB_Host_Library/Core/Src/usbh_core.o
                0x0000000008008f1c                USBH_FindInterface
 .text.USBH_Start
                0x0000000008008fa8       0x20 ./Middlewares/ST/STM32_USB_Host_Library/Core/Src/usbh_core.o
                0x0000000008008fa8                USBH_Start
 .text.USBH_Process
                0x0000000008008fc8      0x4ec ./Middlewares/ST/STM32_USB_Host_Library/Core/Src/usbh_core.o
                0x0000000008008fc8                USBH_Process
 .text.USBH_HandleEnum
                0x00000000080094b4      0x55c ./Middlewares/ST/STM32_USB_Host_Library/Core/Src/usbh_core.o
 .text.USBH_LL_SetTimer
                0x0000000008009a10       0x1e ./Middlewares/ST/STM32_USB_Host_Library/Core/Src/usbh_core.o
                0x0000000008009a10                USBH_LL_SetTimer
 .text.USBH_LL_IncTimer
                0x0000000008009a2e       0x24 ./Middlewares/ST/STM32_USB_Host_Library/Core/Src/usbh_core.o
                0x0000000008009a2e                USBH_LL_IncTimer
 .text.USBH_HandleSof
                0x0000000008009a52       0x30 ./Middlewares/ST/STM32_USB_Host_Library/Core/Src/usbh_core.o
 .text.USBH_LL_PortEnabled
                0x0000000008009a82       0x1c ./Middlewares/ST/STM32_USB_Host_Library/Core/Src/usbh_core.o
                0x0000000008009a82                USBH_LL_PortEnabled
 .text.USBH_LL_PortDisabled
                0x0000000008009a9e       0x1c ./Middlewares/ST/STM32_USB_Host_Library/Core/Src/usbh_core.o
                0x0000000008009a9e                USBH_LL_PortDisabled
 .text.USBH_LL_Connect
                0x0000000008009aba       0x2e ./Middlewares/ST/STM32_USB_Host_Library/Core/Src/usbh_core.o
                0x0000000008009aba                USBH_LL_Connect
 .text.USBH_LL_Disconnect
                0x0000000008009ae8       0x48 ./Middlewares/ST/STM32_USB_Host_Library/Core/Src/usbh_core.o
                0x0000000008009ae8                USBH_LL_Disconnect
 .text.USBH_Get_DevDesc
                0x0000000008009b30       0x50 ./Middlewares/ST/STM32_USB_Host_Library/Core/Src/usbh_ctlreq.o
                0x0000000008009b30                USBH_Get_DevDesc
 .text.USBH_Get_CfgDesc
                0x0000000008009b80       0x48 ./Middlewares/ST/STM32_USB_Host_Library/Core/Src/usbh_ctlreq.o
                0x0000000008009b80                USBH_Get_CfgDesc
 .text.USBH_Get_StringDesc
                0x0000000008009bc8       0x56 ./Middlewares/ST/STM32_USB_Host_Library/Core/Src/usbh_ctlreq.o
                0x0000000008009bc8                USBH_Get_StringDesc
 .text.USBH_GetDescriptor
                0x0000000008009c1e       0x6a ./Middlewares/ST/STM32_USB_Host_Library/Core/Src/usbh_ctlreq.o
                0x0000000008009c1e                USBH_GetDescriptor
 .text.USBH_SetAddress
                0x0000000008009c88       0x48 ./Middlewares/ST/STM32_USB_Host_Library/Core/Src/usbh_ctlreq.o
                0x0000000008009c88                USBH_SetAddress
 .text.USBH_SetCfg
                0x0000000008009cd0       0x46 ./Middlewares/ST/STM32_USB_Host_Library/Core/Src/usbh_ctlreq.o
                0x0000000008009cd0                USBH_SetCfg
 .text.USBH_SetFeature
                0x0000000008009d16       0x48 ./Middlewares/ST/STM32_USB_Host_Library/Core/Src/usbh_ctlreq.o
                0x0000000008009d16                USBH_SetFeature
 .text.USBH_ClrFeature
                0x0000000008009d5e       0x48 ./Middlewares/ST/STM32_USB_Host_Library/Core/Src/usbh_ctlreq.o
                0x0000000008009d5e                USBH_ClrFeature
 .text.USBH_ParseDevDesc
                0x0000000008009da6      0x122 ./Middlewares/ST/STM32_USB_Host_Library/Core/Src/usbh_ctlreq.o
 .text.USBH_ParseCfgDesc
                0x0000000008009ec8      0x1f4 ./Middlewares/ST/STM32_USB_Host_Library/Core/Src/usbh_ctlreq.o
 .text.USBH_ParseInterfaceDesc
                0x000000000800a0bc       0x5e ./Middlewares/ST/STM32_USB_Host_Library/Core/Src/usbh_ctlreq.o
 .text.USBH_ParseEPDesc
                0x000000000800a11a      0x14a ./Middlewares/ST/STM32_USB_Host_Library/Core/Src/usbh_ctlreq.o
 .text.USBH_ParseStringDesc
                0x000000000800a264       0x66 ./Middlewares/ST/STM32_USB_Host_Library/Core/Src/usbh_ctlreq.o
 .text.USBH_GetNextDesc
                0x000000000800a2ca       0x36 ./Middlewares/ST/STM32_USB_Host_Library/Core/Src/usbh_ctlreq.o
                0x000000000800a2ca                USBH_GetNextDesc
 .text.USBH_CtlReq
                0x000000000800a300       0x7a ./Middlewares/ST/STM32_USB_Host_Library/Core/Src/usbh_ctlreq.o
                0x000000000800a300                USBH_CtlReq
 *fill*         0x000000000800a37a        0x2 
 .text.USBH_HandleControl
                0x000000000800a37c      0x304 ./Middlewares/ST/STM32_USB_Host_Library/Core/Src/usbh_ctlreq.o
 .text.USBH_CtlSendSetup
                0x000000000800a680       0x34 ./Middlewares/ST/STM32_USB_Host_Library/Core/Src/usbh_ioreq.o
                0x000000000800a680                USBH_CtlSendSetup
 .text.USBH_CtlSendData
                0x000000000800a6b4       0x4a ./Middlewares/ST/STM32_USB_Host_Library/Core/Src/usbh_ioreq.o
                0x000000000800a6b4                USBH_CtlSendData
 .text.USBH_CtlReceiveData
                0x000000000800a6fe       0x3c ./Middlewares/ST/STM32_USB_Host_Library/Core/Src/usbh_ioreq.o
                0x000000000800a6fe                USBH_CtlReceiveData
 .text.USBH_BulkSendData
                0x000000000800a73a       0x4a ./Middlewares/ST/STM32_USB_Host_Library/Core/Src/usbh_ioreq.o
                0x000000000800a73a                USBH_BulkSendData
 .text.USBH_BulkReceiveData
                0x000000000800a784       0x3c ./Middlewares/ST/STM32_USB_Host_Library/Core/Src/usbh_ioreq.o
                0x000000000800a784                USBH_BulkReceiveData
 .text.USBH_OpenPipe
                0x000000000800a7c0       0x3e ./Middlewares/ST/STM32_USB_Host_Library/Core/Src/usbh_pipes.o
                0x000000000800a7c0                USBH_OpenPipe
 .text.USBH_ClosePipe
                0x000000000800a7fe       0x20 ./Middlewares/ST/STM32_USB_Host_Library/Core/Src/usbh_pipes.o
                0x000000000800a7fe                USBH_ClosePipe
 .text.USBH_AllocPipe
                0x000000000800a81e       0x44 ./Middlewares/ST/STM32_USB_Host_Library/Core/Src/usbh_pipes.o
                0x000000000800a81e                USBH_AllocPipe
 .text.USBH_FreePipe
                0x000000000800a862       0x40 ./Middlewares/ST/STM32_USB_Host_Library/Core/Src/usbh_pipes.o
                0x000000000800a862                USBH_FreePipe
 .text.USBH_GetFreePipe
                0x000000000800a8a2       0x4a ./Middlewares/ST/STM32_USB_Host_Library/Core/Src/usbh_pipes.o
 .text.MX_USB_HOST_Init
                0x000000000800a8ec       0x4c ./USB_HOST/App/usb_host.o
                0x000000000800a8ec                MX_USB_HOST_Init
 .text.MX_USB_HOST_Process
                0x000000000800a938       0x14 ./USB_HOST/App/usb_host.o
                0x000000000800a938                MX_USB_HOST_Process
 .text.USBH_UserProcess
                0x000000000800a94c       0x5c ./USB_HOST/App/usb_host.o
 .text.HAL_HCD_MspInit
                0x000000000800a9a8       0xc4 ./USB_HOST/Target/usbh_conf.o
                0x000000000800a9a8                HAL_HCD_MspInit
 .text.HAL_HCD_SOF_Callback
                0x000000000800aa6c       0x1c ./USB_HOST/Target/usbh_conf.o
                0x000000000800aa6c                HAL_HCD_SOF_Callback
 .text.HAL_HCD_Connect_Callback
                0x000000000800aa88       0x1c ./USB_HOST/Target/usbh_conf.o
                0x000000000800aa88                HAL_HCD_Connect_Callback
 .text.HAL_HCD_Disconnect_Callback
                0x000000000800aaa4       0x1c ./USB_HOST/Target/usbh_conf.o
                0x000000000800aaa4                HAL_HCD_Disconnect_Callback
 .text.HAL_HCD_HC_NotifyURBChange_Callback
                0x000000000800aac0       0x1c ./USB_HOST/Target/usbh_conf.o
                0x000000000800aac0                HAL_HCD_HC_NotifyURBChange_Callback
 .text.HAL_HCD_PortEnabled_Callback
                0x000000000800aadc       0x1c ./USB_HOST/Target/usbh_conf.o
                0x000000000800aadc                HAL_HCD_PortEnabled_Callback
 .text.HAL_HCD_PortDisabled_Callback
                0x000000000800aaf8       0x1c ./USB_HOST/Target/usbh_conf.o
                0x000000000800aaf8                HAL_HCD_PortDisabled_Callback
 .text.USBH_LL_Init
                0x000000000800ab14       0x78 ./USB_HOST/Target/usbh_conf.o
                0x000000000800ab14                USBH_LL_Init
 .text.USBH_LL_Start
                0x000000000800ab8c       0x36 ./USB_HOST/Target/usbh_conf.o
                0x000000000800ab8c                USBH_LL_Start
 .text.USBH_LL_Stop
                0x000000000800abc2       0x36 ./USB_HOST/Target/usbh_conf.o
                0x000000000800abc2                USBH_LL_Stop
 .text.USBH_LL_GetSpeed
                0x000000000800abf8       0x4e ./USB_HOST/Target/usbh_conf.o
                0x000000000800abf8                USBH_LL_GetSpeed
 .text.USBH_LL_ResetPort
                0x000000000800ac46       0x36 ./USB_HOST/Target/usbh_conf.o
                0x000000000800ac46                USBH_LL_ResetPort
 .text.USBH_LL_GetLastXferSize
                0x000000000800ac7c       0x26 ./USB_HOST/Target/usbh_conf.o
                0x000000000800ac7c                USBH_LL_GetLastXferSize
 .text.USBH_LL_OpenPipe
                0x000000000800aca2       0x5e ./USB_HOST/Target/usbh_conf.o
                0x000000000800aca2                USBH_LL_OpenPipe
 .text.USBH_LL_ClosePipe
                0x000000000800ad00       0x3e ./USB_HOST/Target/usbh_conf.o
                0x000000000800ad00                USBH_LL_ClosePipe
 .text.USBH_LL_SubmitURB
                0x000000000800ad3e       0x62 ./USB_HOST/Target/usbh_conf.o
                0x000000000800ad3e                USBH_LL_SubmitURB
 .text.USBH_LL_GetURBState
                0x000000000800ada0       0x26 ./USB_HOST/Target/usbh_conf.o
                0x000000000800ada0                USBH_LL_GetURBState
 .text.USBH_LL_DriverVBUS
                0x000000000800adc6       0x2e ./USB_HOST/Target/usbh_conf.o
                0x000000000800adc6                USBH_LL_DriverVBUS
 .text.USBH_LL_SetToggle
                0x000000000800adf4       0x60 ./USB_HOST/Target/usbh_conf.o
                0x000000000800adf4                USBH_LL_SetToggle
 .text.USBH_Delay
                0x000000000800ae54       0x16 ./USB_HOST/Target/usbh_conf.o
                0x000000000800ae54                USBH_Delay
 *fill*         0x000000000800ae6a        0x2 
 .text.USBH_Get_USB_Status
                0x000000000800ae6c       0x58 ./USB_HOST/Target/usbh_conf.o
                0x000000000800ae6c                USBH_Get_USB_Status
 .text.MX_DriverVbusFS
                0x000000000800aec4       0x38 ./USB_HOST/Target/usbh_platform.o
                0x000000000800aec4                MX_DriverVbusFS
 .text.__errno  0x000000000800aefc        0xc /app/stm32cubeide/plugins/com.st.stm32cube.ide.mcu.externaltools.gnu-tools-for-stm32.10.3-2021.10.linux64_1.0.200.202301161003/tools/bin/../lib/gcc/arm-none-eabi/10.3.1/../../../../arm-none-eabi/lib/thumb/v7e-m+fp/hard/libc_nano.a(lib_a-errno.o)
                0x000000000800aefc                __errno
 .text.__libc_init_array
                0x000000000800af08       0x48 /app/stm32cubeide/plugins/com.st.stm32cube.ide.mcu.externaltools.gnu-tools-for-stm32.10.3-2021.10.linux64_1.0.200.202301161003/tools/bin/../lib/gcc/arm-none-eabi/10.3.1/../../../../arm-none-eabi/lib/thumb/v7e-m+fp/hard/libc_nano.a(lib_a-init.o)
                0x000000000800af08                __libc_init_array
 .text.malloc   0x000000000800af50       0x10 /app/stm32cubeide/plugins/com.st.stm32cube.ide.mcu.externaltools.gnu-tools-for-stm32.10.3-2021.10.linux64_1.0.200.202301161003/tools/bin/../lib/gcc/arm-none-eabi/10.3.1/../../../../arm-none-eabi/lib/thumb/v7e-m+fp/hard/libc_nano.a(lib_a-malloc.o)
                0x000000000800af50                malloc
 .text.free     0x000000000800af60       0x10 /app/stm32cubeide/plugins/com.st.stm32cube.ide.mcu.externaltools.gnu-tools-for-stm32.10.3-2021.10.linux64_1.0.200.202301161003/tools/bin/../lib/gcc/arm-none-eabi/10.3.1/../../../../arm-none-eabi/lib/thumb/v7e-m+fp/hard/libc_nano.a(lib_a-malloc.o)
                0x000000000800af60                free
 .text.memset   0x000000000800af70       0x10 /app/stm32cubeide/plugins/com.st.stm32cube.ide.mcu.externaltools.gnu-tools-for-stm32.10.3-2021.10.linux64_1.0.200.202301161003/tools/bin/../lib/gcc/arm-none-eabi/10.3.1/../../../../arm-none-eabi/lib/thumb/v7e-m+fp/hard/libc_nano.a(lib_a-memset.o)
                0x000000000800af70                memset
 .text._free_r  0x000000000800af80       0x98 /app/stm32cubeide/plugins/com.st.stm32cube.ide.mcu.externaltools.gnu-tools-for-stm32.10.3-2021.10.linux64_1.0.200.202301161003/tools/bin/../lib/gcc/arm-none-eabi/10.3.1/../../../../arm-none-eabi/lib/thumb/v7e-m+fp/hard/libc_nano.a(lib_a-nano-freer.o)
                0x000000000800af80                _free_r
 .text.sbrk_aligned
                0x000000000800b018       0x40 /app/stm32cubeide/plugins/com.st.stm32cube.ide.mcu.externaltools.gnu-tools-for-stm32.10.3-2021.10.linux64_1.0.200.202301161003/tools/bin/../lib/gcc/arm-none-eabi/10.3.1/../../../../arm-none-eabi/lib/thumb/v7e-m+fp/hard/libc_nano.a(lib_a-nano-mallocr.o)
 .text._malloc_r
                0x000000000800b058       0xe8 /app/stm32cubeide/plugins/com.st.stm32cube.ide.mcu.externaltools.gnu-tools-for-stm32.10.3-2021.10.linux64_1.0.200.202301161003/tools/bin/../lib/gcc/arm-none-eabi/10.3.1/../../../../arm-none-eabi/lib/thumb/v7e-m+fp/hard/libc_nano.a(lib_a-nano-mallocr.o)
                0x000000000800b058                _malloc_r
 .text.printf   0x000000000800b140       0x30 /app/stm32cubeide/plugins/com.st.stm32cube.ide.mcu.externaltools.gnu-tools-for-stm32.10.3-2021.10.linux64_1.0.200.202301161003/tools/bin/../lib/gcc/arm-none-eabi/10.3.1/../../../../arm-none-eabi/lib/thumb/v7e-m+fp/hard/libc_nano.a(lib_a-printf.o)
                0x000000000800b140                printf
                0x000000000800b140                iprintf
 .text.putchar  0x000000000800b170       0x2c /app/stm32cubeide/plugins/com.st.stm32cube.ide.mcu.externaltools.gnu-tools-for-stm32.10.3-2021.10.linux64_1.0.200.202301161003/tools/bin/../lib/gcc/arm-none-eabi/10.3.1/../../../../arm-none-eabi/lib/thumb/v7e-m+fp/hard/libc_nano.a(lib_a-putchar.o)
                0x000000000800b170                putchar
 .text._sbrk_r  0x000000000800b19c       0x20 /app/stm32cubeide/plugins/com.st.stm32cube.ide.mcu.externaltools.gnu-tools-for-stm32.10.3-2021.10.linux64_1.0.200.202301161003/tools/bin/../lib/gcc/arm-none-eabi/10.3.1/../../../../arm-none-eabi/lib/thumb/v7e-m+fp/hard/libc_nano.a(lib_a-sbrkr.o)
                0x000000000800b19c                _sbrk_r
 .text.std      0x000000000800b1bc       0x48 /app/stm32cubeide/plugins/com.st.stm32cube.ide.mcu.externaltools.gnu-tools-for-stm32.10.3-2021.10.linux64_1.0.200.202301161003/tools/bin/../lib/gcc/arm-none-eabi/10.3.1/../../../../arm-none-eabi/lib/thumb/v7e-m+fp/hard/libc_nano.a(lib_a-findfp.o)
 .text._cleanup_r
                0x000000000800b204        0xc /app/stm32cubeide/plugins/com.st.stm32cube.ide.mcu.externaltools.gnu-tools-for-stm32.10.3-2021.10.linux64_1.0.200.202301161003/tools/bin/../lib/gcc/arm-none-eabi/10.3.1/../../../../arm-none-eabi/lib/thumb/v7e-m+fp/hard/libc_nano.a(lib_a-findfp.o)
                0x000000000800b204                _cleanup_r
 .text.__sfmoreglue
                0x000000000800b210       0x2c /app/stm32cubeide/plugins/com.st.stm32cube.ide.mcu.externaltools.gnu-tools-for-stm32.10.3-2021.10.linux64_1.0.200.202301161003/tools/bin/../lib/gcc/arm-none-eabi/10.3.1/../../../../arm-none-eabi/lib/thumb/v7e-m+fp/hard/libc_nano.a(lib_a-findfp.o)
                0x000000000800b210                __sfmoreglue
 .text.__sfp_lock_acquire
                0x000000000800b23c        0xc /app/stm32cubeide/plugins/com.st.stm32cube.ide.mcu.externaltools.gnu-tools-for-stm32.10.3-2021.10.linux64_1.0.200.202301161003/tools/bin/../lib/gcc/arm-none-eabi/10.3.1/../../../../arm-none-eabi/lib/thumb/v7e-m+fp/hard/libc_nano.a(lib_a-findfp.o)
                0x000000000800b23c                __sfp_lock_acquire
 .text.__sfp_lock_release
                0x000000000800b248        0xc /app/stm32cubeide/plugins/com.st.stm32cube.ide.mcu.externaltools.gnu-tools-for-stm32.10.3-2021.10.linux64_1.0.200.202301161003/tools/bin/../lib/gcc/arm-none-eabi/10.3.1/../../../../arm-none-eabi/lib/thumb/v7e-m+fp/hard/libc_nano.a(lib_a-findfp.o)
                0x000000000800b248                __sfp_lock_release
 .text.__sinit_lock_acquire
                0x000000000800b254        0xc /app/stm32cubeide/plugins/com.st.stm32cube.ide.mcu.externaltools.gnu-tools-for-stm32.10.3-2021.10.linux64_1.0.200.202301161003/tools/bin/../lib/gcc/arm-none-eabi/10.3.1/../../../../arm-none-eabi/lib/thumb/v7e-m+fp/hard/libc_nano.a(lib_a-findfp.o)
                0x000000000800b254                __sinit_lock_acquire
 .text.__sinit_lock_release
                0x000000000800b260        0xc /app/stm32cubeide/plugins/com.st.stm32cube.ide.mcu.externaltools.gnu-tools-for-stm32.10.3-2021.10.linux64_1.0.200.202301161003/tools/bin/../lib/gcc/arm-none-eabi/10.3.1/../../../../arm-none-eabi/lib/thumb/v7e-m+fp/hard/libc_nano.a(lib_a-findfp.o)
                0x000000000800b260                __sinit_lock_release
 .text.__sinit  0x000000000800b26c       0x70 /app/stm32cubeide/plugins/com.st.stm32cube.ide.mcu.externaltools.gnu-tools-for-stm32.10.3-2021.10.linux64_1.0.200.202301161003/tools/bin/../lib/gcc/arm-none-eabi/10.3.1/../../../../arm-none-eabi/lib/thumb/v7e-m+fp/hard/libc_nano.a(lib_a-findfp.o)
                0x000000000800b26c                __sinit
 .text.__sfp    0x000000000800b2dc       0x8c /app/stm32cubeide/plugins/com.st.stm32cube.ide.mcu.externaltools.gnu-tools-for-stm32.10.3-2021.10.linux64_1.0.200.202301161003/tools/bin/../lib/gcc/arm-none-eabi/10.3.1/../../../../arm-none-eabi/lib/thumb/v7e-m+fp/hard/libc_nano.a(lib_a-findfp.o)
                0x000000000800b2dc                __sfp
 .text._fwalk_reent
                0x000000000800b368       0x3e /app/stm32cubeide/plugins/com.st.stm32cube.ide.mcu.externaltools.gnu-tools-for-stm32.10.3-2021.10.linux64_1.0.200.202301161003/tools/bin/../lib/gcc/arm-none-eabi/10.3.1/../../../../arm-none-eabi/lib/thumb/v7e-m+fp/hard/libc_nano.a(lib_a-fwalk.o)
                0x000000000800b368                _fwalk_reent
 .text.__retarget_lock_init_recursive
                0x000000000800b3a6        0x2 /app/stm32cubeide/plugins/com.st.stm32cube.ide.mcu.externaltools.gnu-tools-for-stm32.10.3-2021.10.linux64_1.0.200.202301161003/tools/bin/../lib/gcc/arm-none-eabi/10.3.1/../../../../arm-none-eabi/lib/thumb/v7e-m+fp/hard/libc_nano.a(lib_a-lock.o)
                0x000000000800b3a6                __retarget_lock_init_recursive
 .text.__retarget_lock_acquire_recursive
                0x000000000800b3a8        0x2 /app/stm32cubeide/plugins/com.st.stm32cube.ide.mcu.externaltools.gnu-tools-for-stm32.10.3-2021.10.linux64_1.0.200.202301161003/tools/bin/../lib/gcc/arm-none-eabi/10.3.1/../../../../arm-none-eabi/lib/thumb/v7e-m+fp/hard/libc_nano.a(lib_a-lock.o)
                0x000000000800b3a8                __retarget_lock_acquire_recursive
 .text.__retarget_lock_release_recursive
                0x000000000800b3aa        0x2 /app/stm32cubeide/plugins/com.st.stm32cube.ide.mcu.externaltools.gnu-tools-for-stm32.10.3-2021.10.linux64_1.0.200.202301161003/tools/bin/../lib/gcc/arm-none-eabi/10.3.1/../../../../arm-none-eabi/lib/thumb/v7e-m+fp/hard/libc_nano.a(lib_a-lock.o)
                0x000000000800b3aa                __retarget_lock_release_recursive
 .text.__malloc_lock
                0x000000000800b3ac        0xc /app/stm32cubeide/plugins/com.st.stm32cube.ide.mcu.externaltools.gnu-tools-for-stm32.10.3-2021.10.linux64_1.0.200.202301161003/tools/bin/../lib/gcc/arm-none-eabi/10.3.1/../../../../arm-none-eabi/lib/thumb/v7e-m+fp/hard/libc_nano.a(lib_a-mlock.o)
                0x000000000800b3ac                __malloc_lock
 .text.__malloc_unlock
                0x000000000800b3b8        0xc /app/stm32cubeide/plugins/com.st.stm32cube.ide.mcu.externaltools.gnu-tools-for-stm32.10.3-2021.10.linux64_1.0.200.202301161003/tools/bin/../lib/gcc/arm-none-eabi/10.3.1/../../../../arm-none-eabi/lib/thumb/v7e-m+fp/hard/libc_nano.a(lib_a-mlock.o)
                0x000000000800b3b8                __malloc_unlock
 .text.__sfputc_r
                0x000000000800b3c4       0x2e /app/stm32cubeide/plugins/com.st.stm32cube.ide.mcu.externaltools.gnu-tools-for-stm32.10.3-2021.10.linux64_1.0.200.202301161003/tools/bin/../lib/gcc/arm-none-eabi/10.3.1/../../../../arm-none-eabi/lib/thumb/v7e-m+fp/hard/libc_nano.a(lib_a-nano-vfprintf.o)
 .text.__sfputs_r
                0x000000000800b3f2       0x24 /app/stm32cubeide/plugins/com.st.stm32cube.ide.mcu.externaltools.gnu-tools-for-stm32.10.3-2021.10.linux64_1.0.200.202301161003/tools/bin/../lib/gcc/arm-none-eabi/10.3.1/../../../../arm-none-eabi/lib/thumb/v7e-m+fp/hard/libc_nano.a(lib_a-nano-vfprintf.o)
                0x000000000800b3f2                __sfputs_r
 *fill*         0x000000000800b416        0x2 
 .text._vfprintf_r
                0x000000000800b418      0x260 /app/stm32cubeide/plugins/com.st.stm32cube.ide.mcu.externaltools.gnu-tools-for-stm32.10.3-2021.10.linux64_1.0.200.202301161003/tools/bin/../lib/gcc/arm-none-eabi/10.3.1/../../../../arm-none-eabi/lib/thumb/v7e-m+fp/hard/libc_nano.a(lib_a-nano-vfprintf.o)
                0x000000000800b418                _vfiprintf_r
                0x000000000800b418                _vfprintf_r
 .text._printf_common
                0x000000000800b678       0xda /app/stm32cubeide/plugins/com.st.stm32cube.ide.mcu.externaltools.gnu-tools-for-stm32.10.3-2021.10.linux64_1.0.200.202301161003/tools/bin/../lib/gcc/arm-none-eabi/10.3.1/../../../../arm-none-eabi/lib/thumb/v7e-m+fp/hard/libc_nano.a(lib_a-nano-vfprintf_i.o)
                0x000000000800b678                _printf_common
 *fill*         0x000000000800b752        0x2 
 .text._printf_i
                0x000000000800b754      0x24c /app/stm32cubeide/plugins/com.st.stm32cube.ide.mcu.externaltools.gnu-tools-for-stm32.10.3-2021.10.linux64_1.0.200.202301161003/tools/bin/../lib/gcc/arm-none-eabi/10.3.1/../../../../arm-none-eabi/lib/thumb/v7e-m+fp/hard/libc_nano.a(lib_a-nano-vfprintf_i.o)
                0x000000000800b754                _printf_i
 .text._putc_r  0x000000000800b9a0       0x90 /app/stm32cubeide/plugins/com.st.stm32cube.ide.mcu.externaltools.gnu-tools-for-stm32.10.3-2021.10.linux64_1.0.200.202301161003/tools/bin/../lib/gcc/arm-none-eabi/10.3.1/../../../../arm-none-eabi/lib/thumb/v7e-m+fp/hard/libc_nano.a(lib_a-putc.o)
                0x000000000800b9a0                _putc_r
 .text.__sread  0x000000000800ba30       0x22 /app/stm32cubeide/plugins/com.st.stm32cube.ide.mcu.externaltools.gnu-tools-for-stm32.10.3-2021.10.linux64_1.0.200.202301161003/tools/bin/../lib/gcc/arm-none-eabi/10.3.1/../../../../arm-none-eabi/lib/thumb/v7e-m+fp/hard/libc_nano.a(lib_a-stdio.o)
                0x000000000800ba30                __sread
 .text.__swrite
                0x000000000800ba52       0x38 /app/stm32cubeide/plugins/com.st.stm32cube.ide.mcu.externaltools.gnu-tools-for-stm32.10.3-2021.10.linux64_1.0.200.202301161003/tools/bin/../lib/gcc/arm-none-eabi/10.3.1/../../../../arm-none-eabi/lib/thumb/v7e-m+fp/hard/libc_nano.a(lib_a-stdio.o)
                0x000000000800ba52                __swrite
 .text.__sseek  0x000000000800ba8a       0x24 /app/stm32cubeide/plugins/com.st.stm32cube.ide.mcu.externaltools.gnu-tools-for-stm32.10.3-2021.10.linux64_1.0.200.202301161003/tools/bin/../lib/gcc/arm-none-eabi/10.3.1/../../../../arm-none-eabi/lib/thumb/v7e-m+fp/hard/libc_nano.a(lib_a-stdio.o)
                0x000000000800ba8a                __sseek
 .text.__sclose
                0x000000000800baae        0x8 /app/stm32cubeide/plugins/com.st.stm32cube.ide.mcu.externaltools.gnu-tools-for-stm32.10.3-2021.10.linux64_1.0.200.202301161003/tools/bin/../lib/gcc/arm-none-eabi/10.3.1/../../../../arm-none-eabi/lib/thumb/v7e-m+fp/hard/libc_nano.a(lib_a-stdio.o)
                0x000000000800baae                __sclose
 *fill*         0x000000000800bab6        0x2 
 .text.__swbuf_r
                0x000000000800bab8       0xa4 /app/stm32cubeide/plugins/com.st.stm32cube.ide.mcu.externaltools.gnu-tools-for-stm32.10.3-2021.10.linux64_1.0.200.202301161003/tools/bin/../lib/gcc/arm-none-eabi/10.3.1/../../../../arm-none-eabi/lib/thumb/v7e-m+fp/hard/libc_nano.a(lib_a-wbuf.o)
                0x000000000800bab8                __swbuf_r
 .text._write_r
                0x000000000800bb5c       0x24 /app/stm32cubeide/plugins/com.st.stm32cube.ide.mcu.externaltools.gnu-tools-for-stm32.10.3-2021.10.linux64_1.0.200.202301161003/tools/bin/../lib/gcc/arm-none-eabi/10.3.1/../../../../arm-none-eabi/lib/thumb/v7e-m+fp/hard/libc_nano.a(lib_a-writer.o)
                0x000000000800bb5c                _write_r
 .text.__swsetup_r
                0x000000000800bb80       0xdc /app/stm32cubeide/plugins/com.st.stm32cube.ide.mcu.externaltools.gnu-tools-for-stm32.10.3-2021.10.linux64_1.0.200.202301161003/tools/bin/../lib/gcc/arm-none-eabi/10.3.1/../../../../arm-none-eabi/lib/thumb/v7e-m+fp/hard/libc_nano.a(lib_a-wsetup.o)
                0x000000000800bb80                __swsetup_r
 .text._close_r
                0x000000000800bc5c       0x20 /app/stm32cubeide/plugins/com.st.stm32cube.ide.mcu.externaltools.gnu-tools-for-stm32.10.3-2021.10.linux64_1.0.200.202301161003/tools/bin/../lib/gcc/arm-none-eabi/10.3.1/../../../../arm-none-eabi/lib/thumb/v7e-m+fp/hard/libc_nano.a(lib_a-closer.o)
                0x000000000800bc5c                _close_r
 .text.__sflush_r
                0x000000000800bc7c      0x10c /app/stm32cubeide/plugins/com.st.stm32cube.ide.mcu.externaltools.gnu-tools-for-stm32.10.3-2021.10.linux64_1.0.200.202301161003/tools/bin/../lib/gcc/arm-none-eabi/10.3.1/../../../../arm-none-eabi/lib/thumb/v7e-m+fp/hard/libc_nano.a(lib_a-fflush.o)
                0x000000000800bc7c                __sflush_r
 .text._fflush_r
                0x000000000800bd88       0x78 /app/stm32cubeide/plugins/com.st.stm32cube.ide.mcu.externaltools.gnu-tools-for-stm32.10.3-2021.10.linux64_1.0.200.202301161003/tools/bin/../lib/gcc/arm-none-eabi/10.3.1/../../../../arm-none-eabi/lib/thumb/v7e-m+fp/hard/libc_nano.a(lib_a-fflush.o)
                0x000000000800bd88                _fflush_r
 .text._lseek_r
                0x000000000800be00       0x24 /app/stm32cubeide/plugins/com.st.stm32cube.ide.mcu.externaltools.gnu-tools-for-stm32.10.3-2021.10.linux64_1.0.200.202301161003/tools/bin/../lib/gcc/arm-none-eabi/10.3.1/../../../../arm-none-eabi/lib/thumb/v7e-m+fp/hard/libc_nano.a(lib_a-lseekr.o)
                0x000000000800be00                _lseek_r
 .text.__swhatbuf_r
                0x000000000800be24       0x4a /app/stm32cubeide/plugins/com.st.stm32cube.ide.mcu.externaltools.gnu-tools-for-stm32.10.3-2021.10.linux64_1.0.200.202301161003/tools/bin/../lib/gcc/arm-none-eabi/10.3.1/../../../../arm-none-eabi/lib/thumb/v7e-m+fp/hard/libc_nano.a(lib_a-makebuf.o)
                0x000000000800be24                __swhatbuf_r
 *fill*         0x000000000800be6e        0x2 
 .text.__smakebuf_r
                0x000000000800be70       0x80 /app/stm32cubeide/plugins/com.st.stm32cube.ide.mcu.externaltools.gnu-tools-for-stm32.10.3-2021.10.linux64_1.0.200.202301161003/tools/bin/../lib/gcc/arm-none-eabi/10.3.1/../../../../arm-none-eabi/lib/thumb/v7e-m+fp/hard/libc_nano.a(lib_a-makebuf.o)
                0x000000000800be70                __smakebuf_r
 .text._read_r  0x000000000800bef0       0x24 /app/stm32cubeide/plugins/com.st.stm32cube.ide.mcu.externaltools.gnu-tools-for-stm32.10.3-2021.10.linux64_1.0.200.202301161003/tools/bin/../lib/gcc/arm-none-eabi/10.3.1/../../../../arm-none-eabi/lib/thumb/v7e-m+fp/hard/libc_nano.a(lib_a-readr.o)
                0x000000000800bef0                _read_r
 .text._fstat_r
                0x000000000800bf14       0x24 /app/stm32cubeide/plugins/com.st.stm32cube.ide.mcu.externaltools.gnu-tools-for-stm32.10.3-2021.10.linux64_1.0.200.202301161003/tools/bin/../lib/gcc/arm-none-eabi/10.3.1/../../../../arm-none-eabi/lib/thumb/v7e-m+fp/hard/libc_nano.a(lib_a-fstatr.o)
                0x000000000800bf14                _fstat_r
 .text._isatty_r
                0x000000000800bf38       0x20 /app/stm32cubeide/plugins/com.st.stm32cube.ide.mcu.externaltools.gnu-tools-for-stm32.10.3-2021.10.linux64_1.0.200.202301161003/tools/bin/../lib/gcc/arm-none-eabi/10.3.1/../../../../arm-none-eabi/lib/thumb/v7e-m+fp/hard/libc_nano.a(lib_a-isattyr.o)
                0x000000000800bf38                _isatty_r
 .text.sin      0x000000000800bf58       0xb0 /app/stm32cubeide/plugins/com.st.stm32cube.ide.mcu.externaltools.gnu-tools-for-stm32.10.3-2021.10.linux64_1.0.200.202301161003/tools/bin/../lib/gcc/arm-none-eabi/10.3.1/../../../../arm-none-eabi/lib/thumb/v7e-m+fp/hard/libm.a(lib_a-s_sin.o)
                0x000000000800bf58                sin
 .text.pow      0x000000000800c008       0xe0 /app/stm32cubeide/plugins/com.st.stm32cube.ide.mcu.externaltools.gnu-tools-for-stm32.10.3-2021.10.linux64_1.0.200.202301161003/tools/bin/../lib/gcc/arm-none-eabi/10.3.1/../../../../arm-none-eabi/lib/thumb/v7e-m+fp/hard/libm.a(lib_a-w_pow.o)
                0x000000000800c008                pow
 .text.__ieee754_pow
                0x000000000800c0e8      0xa5c /app/stm32cubeide/plugins/com.st.stm32cube.ide.mcu.externaltools.gnu-tools-for-stm32.10.3-2021.10.linux64_1.0.200.202301161003/tools/bin/../lib/gcc/arm-none-eabi/10.3.1/../../../../arm-none-eabi/lib/thumb/v7e-m+fp/hard/libm.a(lib_a-e_pow.o)
                0x000000000800c0e8                __ieee754_pow
 *fill*         0x000000000800cb44        0x4 
 .text.__ieee754_rem_pio2
                0x000000000800cb48      0x418 /app/stm32cubeide/plugins/com.st.stm32cube.ide.mcu.externaltools.gnu-tools-for-stm32.10.3-2021.10.linux64_1.0.200.202301161003/tools/bin/../lib/gcc/arm-none-eabi/10.3.1/../../../../arm-none-eabi/lib/thumb/v7e-m+fp/hard/libm.a(lib_a-e_rem_pio2.o)
                0x000000000800cb48                __ieee754_rem_pio2
 .text.__ieee754_sqrt
                0x000000000800cf60      0x164 /app/stm32cubeide/plugins/com.st.stm32cube.ide.mcu.externaltools.gnu-tools-for-stm32.10.3-2021.10.linux64_1.0.200.202301161003/tools/bin/../lib/gcc/arm-none-eabi/10.3.1/../../../../arm-none-eabi/lib/thumb/v7e-m+fp/hard/libm.a(lib_a-e_sqrt.o)
                0x000000000800cf60                __ieee754_sqrt
 *fill*         0x000000000800d0c4        0x4 
 .text.__kernel_cos
                0x000000000800d0c8      0x18c /app/stm32cubeide/plugins/com.st.stm32cube.ide.mcu.externaltools.gnu-tools-for-stm32.10.3-2021.10.linux64_1.0.200.202301161003/tools/bin/../lib/gcc/arm-none-eabi/10.3.1/../../../../arm-none-eabi/lib/thumb/v7e-m+fp/hard/libm.a(lib_a-k_cos.o)
                0x000000000800d0c8                __kernel_cos
 *fill*         0x000000000800d254        0x4 
 .text.__kernel_rem_pio2
                0x000000000800d258      0x69c /app/stm32cubeide/plugins/com.st.stm32cube.ide.mcu.externaltools.gnu-tools-for-stm32.10.3-2021.10.linux64_1.0.200.202301161003/tools/bin/../lib/gcc/arm-none-eabi/10.3.1/../../../../arm-none-eabi/lib/thumb/v7e-m+fp/hard/libm.a(lib_a-k_rem_pio2.o)
                0x000000000800d258                __kernel_rem_pio2
 *fill*         0x000000000800d8f4        0x4 
 .text.__kernel_sin
                0x000000000800d8f8      0x17c /app/stm32cubeide/plugins/com.st.stm32cube.ide.mcu.externaltools.gnu-tools-for-stm32.10.3-2021.10.linux64_1.0.200.202301161003/tools/bin/../lib/gcc/arm-none-eabi/10.3.1/../../../../arm-none-eabi/lib/thumb/v7e-m+fp/hard/libm.a(lib_a-k_sin.o)
                0x000000000800d8f8                __kernel_sin
 .text.with_errno
                0x000000000800da74       0x14 /app/stm32cubeide/plugins/com.st.stm32cube.ide.mcu.externaltools.gnu-tools-for-stm32.10.3-2021.10.linux64_1.0.200.202301161003/tools/bin/../lib/gcc/arm-none-eabi/10.3.1/../../../../arm-none-eabi/lib/thumb/v7e-m+fp/hard/libm.a(lib_a-math_err.o)
 .text.xflow    0x000000000800da88       0x28 /app/stm32cubeide/plugins/com.st.stm32cube.ide.mcu.externaltools.gnu-tools-for-stm32.10.3-2021.10.linux64_1.0.200.202301161003/tools/bin/../lib/gcc/arm-none-eabi/10.3.1/../../../../arm-none-eabi/lib/thumb/v7e-m+fp/hard/libm.a(lib_a-math_err.o)
 .text.__math_uflow
                0x000000000800dab0       0x12 /app/stm32cubeide/plugins/com.st.stm32cube.ide.mcu.externaltools.gnu-tools-for-stm32.10.3-2021.10.linux64_1.0.200.202301161003/tools/bin/../lib/gcc/arm-none-eabi/10.3.1/../../../../arm-none-eabi/lib/thumb/v7e-m+fp/hard/libm.a(lib_a-math_err.o)
                0x000000000800dab0                __math_uflow
 .text.__math_oflow
                0x000000000800dac2       0x12 /app/stm32cubeide/plugins/com.st.stm32cube.ide.mcu.externaltools.gnu-tools-for-stm32.10.3-2021.10.linux64_1.0.200.202301161003/tools/bin/../lib/gcc/arm-none-eabi/10.3.1/../../../../arm-none-eabi/lib/thumb/v7e-m+fp/hard/libm.a(lib_a-math_err.o)
                0x000000000800dac2                __math_oflow
 .text.fabs     0x000000000800dad4       0x12 /app/stm32cubeide/plugins/com.st.stm32cube.ide.mcu.externaltools.gnu-tools-for-stm32.10.3-2021.10.linux64_1.0.200.202301161003/tools/bin/../lib/gcc/arm-none-eabi/10.3.1/../../../../arm-none-eabi/lib/thumb/v7e-m+fp/hard/libm.a(lib_a-s_fabs.o)
                0x000000000800dad4                fabs
 .text.finite   0x000000000800dae6       0x16 /app/stm32cubeide/plugins/com.st.stm32cube.ide.mcu.externaltools.gnu-tools-for-stm32.10.3-2021.10.linux64_1.0.200.202301161003/tools/bin/../lib/gcc/arm-none-eabi/10.3.1/../../../../arm-none-eabi/lib/thumb/v7e-m+fp/hard/libm.a(lib_a-s_finite.o)
                0x000000000800dae6                finite
 *fill*         0x000000000800dafc        0x4 
 .text.floor    0x000000000800db00      0x100 /app/stm32cubeide/plugins/com.st.stm32cube.ide.mcu.externaltools.gnu-tools-for-stm32.10.3-2021.10.linux64_1.0.200.202301161003/tools/bin/../lib/gcc/arm-none-eabi/10.3.1/../../../../arm-none-eabi/lib/thumb/v7e-m+fp/hard/libm.a(lib_a-s_floor.o)
                0x000000000800db00                floor
 .text.scalbn   0x000000000800dc00      0x10c /app/stm32cubeide/plugins/com.st.stm32cube.ide.mcu.externaltools.gnu-tools-for-stm32.10.3-2021.10.linux64_1.0.200.202301161003/tools/bin/../lib/gcc/arm-none-eabi/10.3.1/../../../../arm-none-eabi/lib/thumb/v7e-m+fp/hard/libm.a(lib_a-s_scalbn.o)
                0x000000000800dc00                scalbn
 *(.glue_7)
 .glue_7        0x000000000800dd0c        0x0 linker stubs
 *(.glue_7t)
 .glue_7t       0x000000000800dd0c        0x0 linker stubs
 *(.eh_frame)
 .eh_frame      0x000000000800dd0c        0x0 /app/stm32cubeide/plugins/com.st.stm32cube.ide.mcu.externaltools.gnu-tools-for-stm32.10.3-2021.10.linux64_1.0.200.202301161003/tools/bin/../lib/gcc/arm-none-eabi/10.3.1/thumb/v7e-m+fp/hard/crtbegin.o
 *(.init)
 .init          0x000000000800dd0c        0x4 /app/stm32cubeide/plugins/com.st.stm32cube.ide.mcu.externaltools.gnu-tools-for-stm32.10.3-2021.10.linux64_1.0.200.202301161003/tools/bin/../lib/gcc/arm-none-eabi/10.3.1/thumb/v7e-m+fp/hard/crti.o
                0x000000000800dd0c                _init
 .init          0x000000000800dd10        0x8 /app/stm32cubeide/plugins/com.st.stm32cube.ide.mcu.externaltools.gnu-tools-for-stm32.10.3-2021.10.linux64_1.0.200.202301161003/tools/bin/../lib/gcc/arm-none-eabi/10.3.1/thumb/v7e-m+fp/hard/crtn.o
 *(.fini)
 .fini          0x000000000800dd18        0x4 /app/stm32cubeide/plugins/com.st.stm32cube.ide.mcu.externaltools.gnu-tools-for-stm32.10.3-2021.10.linux64_1.0.200.202301161003/tools/bin/../lib/gcc/arm-none-eabi/10.3.1/thumb/v7e-m+fp/hard/crti.o
                0x000000000800dd18                _fini
 .fini          0x000000000800dd1c        0x8 /app/stm32cubeide/plugins/com.st.stm32cube.ide.mcu.externaltools.gnu-tools-for-stm32.10.3-2021.10.linux64_1.0.200.202301161003/tools/bin/../lib/gcc/arm-none-eabi/10.3.1/thumb/v7e-m+fp/hard/crtn.o
                0x000000000800dd24                . = ALIGN (0x4)
                0x000000000800dd24                _etext = .

.vfp11_veneer   0x000000000800dd24        0x0
 .vfp11_veneer  0x000000000800dd24        0x0 linker stubs

.v4_bx          0x000000000800dd24        0x0
 .v4_bx         0x000000000800dd24        0x0 linker stubs

.iplt           0x000000000800dd24        0x0
 .iplt          0x000000000800dd24        0x0 /app/stm32cubeide/plugins/com.st.stm32cube.ide.mcu.externaltools.gnu-tools-for-stm32.10.3-2021.10.linux64_1.0.200.202301161003/tools/bin/../lib/gcc/arm-none-eabi/10.3.1/thumb/v7e-m+fp/hard/crtbegin.o

.rodata         0x000000000800dd28      0x7e8
                0x000000000800dd28                . = ALIGN (0x4)
 *(.rodata)
 .rodata        0x000000000800dd28       0x27 ./Core/Src/main.o
 *fill*         0x000000000800dd4f        0x1 
 .rodata        0x000000000800dd50       0x6f ./Drivers/USBH_midi_class/Src/usbh_MIDI.o
 *fill*         0x000000000800ddbf        0x1 
 .rodata        0x000000000800ddc0      0x460 ./Middlewares/ST/STM32_USB_Host_Library/Core/Src/usbh_core.o
 .rodata        0x000000000800e220       0x2d ./Middlewares/ST/STM32_USB_Host_Library/Core/Src/usbh_ctlreq.o
 *(.rodata*)
 *fill*         0x000000000800e24d        0x3 
 .rodata.AHBPrescTable
                0x000000000800e250       0x10 ./Core/Src/system_stm32f4xx.o
                0x000000000800e250                AHBPrescTable
 .rodata.APBPrescTable
                0x000000000800e260        0x8 ./Core/Src/system_stm32f4xx.o
                0x000000000800e260                APBPrescTable
 .rodata.flagBitshiftOffset.0
                0x000000000800e268        0x8 ./Drivers/STM32F4xx_HAL_Driver/Src/stm32f4xx_hal_dma.o
 .rodata._global_impure_ptr
                0x000000000800e270        0x4 /app/stm32cubeide/plugins/com.st.stm32cube.ide.mcu.externaltools.gnu-tools-for-stm32.10.3-2021.10.linux64_1.0.200.202301161003/tools/bin/../lib/gcc/arm-none-eabi/10.3.1/../../../../arm-none-eabi/lib/thumb/v7e-m+fp/hard/libc_nano.a(lib_a-impure.o)
                0x000000000800e270                _global_impure_ptr
 .rodata.__sf_fake_stderr
                0x000000000800e274       0x20 /app/stm32cubeide/plugins/com.st.stm32cube.ide.mcu.externaltools.gnu-tools-for-stm32.10.3-2021.10.linux64_1.0.200.202301161003/tools/bin/../lib/gcc/arm-none-eabi/10.3.1/../../../../arm-none-eabi/lib/thumb/v7e-m+fp/hard/libc_nano.a(lib_a-findfp.o)
                0x000000000800e274                __sf_fake_stderr
 .rodata.__sf_fake_stdin
                0x000000000800e294       0x20 /app/stm32cubeide/plugins/com.st.stm32cube.ide.mcu.externaltools.gnu-tools-for-stm32.10.3-2021.10.linux64_1.0.200.202301161003/tools/bin/../lib/gcc/arm-none-eabi/10.3.1/../../../../arm-none-eabi/lib/thumb/v7e-m+fp/hard/libc_nano.a(lib_a-findfp.o)
                0x000000000800e294                __sf_fake_stdin
 .rodata.__sf_fake_stdout
                0x000000000800e2b4       0x20 /app/stm32cubeide/plugins/com.st.stm32cube.ide.mcu.externaltools.gnu-tools-for-stm32.10.3-2021.10.linux64_1.0.200.202301161003/tools/bin/../lib/gcc/arm-none-eabi/10.3.1/../../../../arm-none-eabi/lib/thumb/v7e-m+fp/hard/libc_nano.a(lib_a-findfp.o)
                0x000000000800e2b4                __sf_fake_stdout
 .rodata._vfprintf_r.str1.1
                0x000000000800e2d4       0x11 /app/stm32cubeide/plugins/com.st.stm32cube.ide.mcu.externaltools.gnu-tools-for-stm32.10.3-2021.10.linux64_1.0.200.202301161003/tools/bin/../lib/gcc/arm-none-eabi/10.3.1/../../../../arm-none-eabi/lib/thumb/v7e-m+fp/hard/libc_nano.a(lib_a-nano-vfprintf.o)
 .rodata._printf_i.str1.1
                0x000000000800e2e5       0x22 /app/stm32cubeide/plugins/com.st.stm32cube.ide.mcu.externaltools.gnu-tools-for-stm32.10.3-2021.10.linux64_1.0.200.202301161003/tools/bin/../lib/gcc/arm-none-eabi/10.3.1/../../../../arm-none-eabi/lib/thumb/v7e-m+fp/hard/libc_nano.a(lib_a-nano-vfprintf_i.o)
 *fill*         0x000000000800e307        0x1 
 .rodata.bp     0x000000000800e308       0x10 /app/stm32cubeide/plugins/com.st.stm32cube.ide.mcu.externaltools.gnu-tools-for-stm32.10.3-2021.10.linux64_1.0.200.202301161003/tools/bin/../lib/gcc/arm-none-eabi/10.3.1/../../../../arm-none-eabi/lib/thumb/v7e-m+fp/hard/libm.a(lib_a-e_pow.o)
 .rodata.dp_h   0x000000000800e318       0x10 /app/stm32cubeide/plugins/com.st.stm32cube.ide.mcu.externaltools.gnu-tools-for-stm32.10.3-2021.10.linux64_1.0.200.202301161003/tools/bin/../lib/gcc/arm-none-eabi/10.3.1/../../../../arm-none-eabi/lib/thumb/v7e-m+fp/hard/libm.a(lib_a-e_pow.o)
 .rodata.dp_l   0x000000000800e328       0x10 /app/stm32cubeide/plugins/com.st.stm32cube.ide.mcu.externaltools.gnu-tools-for-stm32.10.3-2021.10.linux64_1.0.200.202301161003/tools/bin/../lib/gcc/arm-none-eabi/10.3.1/../../../../arm-none-eabi/lib/thumb/v7e-m+fp/hard/libm.a(lib_a-e_pow.o)
 .rodata.npio2_hw
                0x000000000800e338       0x80 /app/stm32cubeide/plugins/com.st.stm32cube.ide.mcu.externaltools.gnu-tools-for-stm32.10.3-2021.10.linux64_1.0.200.202301161003/tools/bin/../lib/gcc/arm-none-eabi/10.3.1/../../../../arm-none-eabi/lib/thumb/v7e-m+fp/hard/libm.a(lib_a-e_rem_pio2.o)
 .rodata.two_over_pi
                0x000000000800e3b8      0x108 /app/stm32cubeide/plugins/com.st.stm32cube.ide.mcu.externaltools.gnu-tools-for-stm32.10.3-2021.10.linux64_1.0.200.202301161003/tools/bin/../lib/gcc/arm-none-eabi/10.3.1/../../../../arm-none-eabi/lib/thumb/v7e-m+fp/hard/libm.a(lib_a-e_rem_pio2.o)
 .rodata.PIo2   0x000000000800e4c0       0x40 /app/stm32cubeide/plugins/com.st.stm32cube.ide.mcu.externaltools.gnu-tools-for-stm32.10.3-2021.10.linux64_1.0.200.202301161003/tools/bin/../lib/gcc/arm-none-eabi/10.3.1/../../../../arm-none-eabi/lib/thumb/v7e-m+fp/hard/libm.a(lib_a-k_rem_pio2.o)
 .rodata.init_jk
                0x000000000800e500       0x10 /app/stm32cubeide/plugins/com.st.stm32cube.ide.mcu.externaltools.gnu-tools-for-stm32.10.3-2021.10.linux64_1.0.200.202301161003/tools/bin/../lib/gcc/arm-none-eabi/10.3.1/../../../../arm-none-eabi/lib/thumb/v7e-m+fp/hard/libm.a(lib_a-k_rem_pio2.o)
                0x000000000800e510                . = ALIGN (0x4)

.ARM.extab      0x000000000800e510        0x0
                0x000000000800e510                . = ALIGN (0x4)
 *(.ARM.extab* .gnu.linkonce.armextab.*)
                0x000000000800e510                . = ALIGN (0x4)

.ARM            0x000000000800e510        0x8
                0x000000000800e510                . = ALIGN (0x4)
                0x000000000800e510                __exidx_start = .
 *(.ARM.exidx*)
 .ARM.exidx     0x000000000800e510        0x8 /app/stm32cubeide/plugins/com.st.stm32cube.ide.mcu.externaltools.gnu-tools-for-stm32.10.3-2021.10.linux64_1.0.200.202301161003/tools/bin/../lib/gcc/arm-none-eabi/10.3.1/thumb/v7e-m+fp/hard/libgcc.a(_udivmoddi4.o)
                0x000000000800e518                __exidx_end = .
                0x000000000800e518                . = ALIGN (0x4)

.rel.dyn        0x000000000800e518        0x0
 .rel.iplt      0x000000000800e518        0x0 /app/stm32cubeide/plugins/com.st.stm32cube.ide.mcu.externaltools.gnu-tools-for-stm32.10.3-2021.10.linux64_1.0.200.202301161003/tools/bin/../lib/gcc/arm-none-eabi/10.3.1/thumb/v7e-m+fp/hard/crtbegin.o

.preinit_array  0x000000000800e518        0x0
                0x000000000800e518                . = ALIGN (0x4)
                0x000000000800e518                PROVIDE (__preinit_array_start = .)
 *(.preinit_array*)
                0x000000000800e518                PROVIDE (__preinit_array_end = .)
                0x000000000800e518                . = ALIGN (0x4)

.init_array     0x000000000800e518        0x4
                0x000000000800e518                . = ALIGN (0x4)
                0x000000000800e518                PROVIDE (__init_array_start = .)
 *(SORT_BY_NAME(.init_array.*))
 *(.init_array*)
 .init_array    0x000000000800e518        0x4 /app/stm32cubeide/plugins/com.st.stm32cube.ide.mcu.externaltools.gnu-tools-for-stm32.10.3-2021.10.linux64_1.0.200.202301161003/tools/bin/../lib/gcc/arm-none-eabi/10.3.1/thumb/v7e-m+fp/hard/crtbegin.o
                0x000000000800e51c                PROVIDE (__init_array_end = .)
                0x000000000800e51c                . = ALIGN (0x4)

.fini_array     0x000000000800e51c        0x4
                0x000000000800e51c                . = ALIGN (0x4)
                [!provide]                        PROVIDE (__fini_array_start = .)
 *(SORT_BY_NAME(.fini_array.*))
 *(.fini_array*)
 .fini_array    0x000000000800e51c        0x4 /app/stm32cubeide/plugins/com.st.stm32cube.ide.mcu.externaltools.gnu-tools-for-stm32.10.3-2021.10.linux64_1.0.200.202301161003/tools/bin/../lib/gcc/arm-none-eabi/10.3.1/thumb/v7e-m+fp/hard/crtbegin.o
                [!provide]                        PROVIDE (__fini_array_end = .)
                0x000000000800e520                . = ALIGN (0x4)
                0x000000000800e520                _sidata = LOADADDR (.data)

.data           0x0000000020000000       0x9c load address 0x000000000800e520
                0x0000000020000000                . = ALIGN (0x4)
                0x0000000020000000                _sdata = .
 *(.data)
 *(.data*)
 .data.is_codec_stopped
                0x0000000020000000        0x1 ./Core/Src/codec.o
 *fill*         0x0000000020000001        0x1 
 .data.base     0x0000000020000002        0x2 ./Core/Src/synth.o
                0x0000000020000002                base
 .data.scaled_base
                0x0000000020000004        0x2 ./Core/Src/synth.o
                0x0000000020000004                scaled_base
 *fill*         0x0000000020000006        0x2 
 .data.SystemCoreClock
                0x0000000020000008        0x4 ./Core/Src/system_stm32f4xx.o
                0x0000000020000008                SystemCoreClock
 .data.CHROMATIC_BASE
                0x000000002000000c        0x4 ./Core/Src/wavetable.o
                0x000000002000000c                CHROMATIC_BASE
 .data.uwTickPrio
                0x0000000020000010        0x4 ./Drivers/STM32F4xx_HAL_Driver/Src/stm32f4xx_hal.o
                0x0000000020000010                uwTickPrio
 .data.uwTickFreq
                0x0000000020000014        0x1 ./Drivers/STM32F4xx_HAL_Driver/Src/stm32f4xx_hal.o
                0x0000000020000014                uwTickFreq
 *fill*         0x0000000020000015        0x3 
 .data.MIDI_Class
                0x0000000020000018       0x20 ./Drivers/USBH_midi_class/Src/usbh_MIDI.o
                0x0000000020000018                MIDI_Class
 .data._impure_ptr
                0x0000000020000038        0x4 /app/stm32cubeide/plugins/com.st.stm32cube.ide.mcu.externaltools.gnu-tools-for-stm32.10.3-2021.10.linux64_1.0.200.202301161003/tools/bin/../lib/gcc/arm-none-eabi/10.3.1/../../../../arm-none-eabi/lib/thumb/v7e-m+fp/hard/libc_nano.a(lib_a-impure.o)
                0x0000000020000038                _impure_ptr
 .data.impure_data
                0x000000002000003c       0x60 /app/stm32cubeide/plugins/com.st.stm32cube.ide.mcu.externaltools.gnu-tools-for-stm32.10.3-2021.10.linux64_1.0.200.202301161003/tools/bin/../lib/gcc/arm-none-eabi/10.3.1/../../../../arm-none-eabi/lib/thumb/v7e-m+fp/hard/libc_nano.a(lib_a-impure.o)
 *(.RamFunc)
 *(.RamFunc*)
                0x000000002000009c                . = ALIGN (0x4)
                0x000000002000009c                _edata = .

.igot.plt       0x000000002000009c        0x0 load address 0x000000000800e5bc
 .igot.plt      0x000000002000009c        0x0 /app/stm32cubeide/plugins/com.st.stm32cube.ide.mcu.externaltools.gnu-tools-for-stm32.10.3-2021.10.linux64_1.0.200.202301161003/tools/bin/../lib/gcc/arm-none-eabi/10.3.1/thumb/v7e-m+fp/hard/crtbegin.o
                0x000000002000009c                . = ALIGN (0x4)

.bss            0x000000002000009c     0x8aa4 load address 0x000000000800e5bc
                0x000000002000009c                _sbss = .
                0x000000002000009c                __bss_start__ = _sbss
 *(.bss)
 .bss           0x000000002000009c       0x1c /app/stm32cubeide/plugins/com.st.stm32cube.ide.mcu.externaltools.gnu-tools-for-stm32.10.3-2021.10.linux64_1.0.200.202301161003/tools/bin/../lib/gcc/arm-none-eabi/10.3.1/thumb/v7e-m+fp/hard/crtbegin.o
 *(.bss*)
 .bss.pUart     0x00000000200000b8        0x4 ./Core/Src/dbgu.o
                0x00000000200000b8                pUart
 .bss.hi2c1     0x00000000200000bc       0x54 ./Core/Src/i2c.o